This is pdfTeX, Version 3.141592653-2.6-1.40.25 (TeX Live 2023/Debian) (preloaded format=pdflatex 2026.6.20)  20 JUN 2026 07:25
entering extended mode
 restricted \write18 enabled.
 %&-line parsing enabled.
**final_report_main.tex
(./final_report_main.tex
LaTeX2e <2023-11-01> patch level 1
L3 programming layer <2024-01-22>
(/usr/share/texlive/texmf-dist/tex/latex/base/report.cls
Document Class: report 2023/05/17 v1.4n Standard LaTeX document class
(/usr/share/texlive/texmf-dist/tex/latex/base/size12.clo
File: size12.clo 2023/05/17 v1.4n Standard LaTeX file (size option)
)
\c@part=\count187
\c@chapter=\count188
\c@section=\count189
\c@subsection=\count190
\c@subsubsection=\count191
\c@paragraph=\count192
\c@subparagraph=\count193
\c@figure=\count194
\c@table=\count195
\abovecaptionskip=\skip48
\belowcaptionskip=\skip49
\bibindent=\dimen140
)
(/usr/share/texlive/texmf-dist/tex/latex/base/inputenc.sty
Package: inputenc 2021/02/14 v1.3d Input encoding file
\inpenc@prehook=\toks17
\inpenc@posthook=\toks18
)
(/usr/share/texlive/texmf-dist/tex/latex/graphics/graphicx.sty
Package: graphicx 2021/09/16 v1.2d Enhanced LaTeX Graphics (DPC,SPQR)

(/usr/share/texlive/texmf-dist/tex/latex/graphics/keyval.sty
Package: keyval 2022/05/29 v1.15 key=value parser (DPC)
\KV@toks@=\toks19
)
(/usr/share/texlive/texmf-dist/tex/latex/graphics/graphics.sty
Package: graphics 2022/03/10 v1.4e Standard LaTeX Graphics (DPC,SPQR)

(/usr/share/texlive/texmf-dist/tex/latex/graphics/trig.sty
Package: trig 2021/08/11 v1.11 sin cos tan (DPC)
)
(/usr/share/texlive/texmf-dist/tex/latex/graphics-cfg/graphics.cfg
File: graphics.cfg 2016/06/04 v1.11 sample graphics configuration
)
Package graphics Info: Driver file: pdftex.def on input line 107.

(/usr/share/texlive/texmf-dist/tex/latex/graphics-def/pdftex.def
File: pdftex.def 2022/09/22 v1.2b Graphics/color driver for pdftex
))
\Gin@req@height=\dimen141
\Gin@req@width=\dimen142
)
(/usr/share/texlive/texmf-dist/tex/latex/caption/caption.sty
Package: caption 2023/08/05 v3.6o Customizing captions (AR)

(/usr/share/texlive/texmf-dist/tex/latex/caption/caption3.sty
Package: caption3 2023/07/31 v2.4d caption3 kernel (AR)
\caption@tempdima=\dimen143
\captionmargin=\dimen144
\caption@leftmargin=\dimen145
\caption@rightmargin=\dimen146
\caption@width=\dimen147
\caption@indent=\dimen148
\caption@parindent=\dimen149
\caption@hangindent=\dimen150
Package caption Info: Standard document class detected.
)
\c@caption@flags=\count196
\c@continuedfloat=\count197
)
(/usr/share/texlive/texmf-dist/tex/latex/caption/subcaption.sty
Package: subcaption 2023/07/28 v1.6b Sub-captions (AR)
Package caption Info: New subtype `subfigure' on input line 238.
\c@subfigure=\count198
Package caption Info: New subtype `subtable' on input line 238.
\c@subtable=\count199
)
(/usr/share/texlive/texmf-dist/tex/latex/booktabs/booktabs.sty
Package: booktabs 2020/01/12 v1.61803398 Publication quality tables
\heavyrulewidth=\dimen151
\lightrulewidth=\dimen152
\cmidrulewidth=\dimen153
\belowrulesep=\dimen154
\belowbottomsep=\dimen155
\aboverulesep=\dimen156
\abovetopsep=\dimen157
\cmidrulesep=\dimen158
\cmidrulekern=\dimen159
\defaultaddspace=\dimen160
\@cmidla=\count266
\@cmidlb=\count267
\@aboverulesep=\dimen161
\@belowrulesep=\dimen162
\@thisruleclass=\count268
\@lastruleclass=\count269
\@thisrulewidth=\dimen163
)
(/usr/share/texlive/texmf-dist/tex/latex/amsmath/amsmath.sty
Package: amsmath 2023/05/13 v2.17o AMS math features
\@mathmargin=\skip50

For additional information on amsmath, use the `?' option.
(/usr/share/texlive/texmf-dist/tex/latex/amsmath/amstext.sty
Package: amstext 2021/08/26 v2.01 AMS text

(/usr/share/texlive/texmf-dist/tex/latex/amsmath/amsgen.sty
File: amsgen.sty 1999/11/30 v2.0 generic functions
\@emptytoks=\toks20
\ex@=\dimen164
))
(/usr/share/texlive/texmf-dist/tex/latex/amsmath/amsbsy.sty
Package: amsbsy 1999/11/29 v1.2d Bold Symbols
\pmbraise@=\dimen165
)
(/usr/share/texlive/texmf-dist/tex/latex/amsmath/amsopn.sty
Package: amsopn 2022/04/08 v2.04 operator names
)
\inf@bad=\count270
LaTeX Info: Redefining \frac on input line 234.
\uproot@=\count271
\leftroot@=\count272
LaTeX Info: Redefining \overline on input line 399.
LaTeX Info: Redefining \colon on input line 410.
\classnum@=\count273
\DOTSCASE@=\count274
LaTeX Info: Redefining \ldots on input line 496.
LaTeX Info: Redefining \dots on input line 499.
LaTeX Info: Redefining \cdots on input line 620.
\Mathstrutbox@=\box51
\strutbox@=\box52
LaTeX Info: Redefining \big on input line 722.
LaTeX Info: Redefining \Big on input line 723.
LaTeX Info: Redefining \bigg on input line 724.
LaTeX Info: Redefining \Bigg on input line 725.
\big@size=\dimen166
LaTeX Font Info:    Redeclaring font encoding OML on input line 743.
LaTeX Font Info:    Redeclaring font encoding OMS on input line 744.
\macc@depth=\count275
LaTeX Info: Redefining \bmod on input line 905.
LaTeX Info: Redefining \pmod on input line 910.
LaTeX Info: Redefining \smash on input line 940.
LaTeX Info: Redefining \relbar on input line 970.
LaTeX Info: Redefining \Relbar on input line 971.
\c@MaxMatrixCols=\count276
\dotsspace@=\muskip16
\c@parentequation=\count277
\dspbrk@lvl=\count278
\tag@help=\toks21
\row@=\count279
\column@=\count280
\maxfields@=\count281
\andhelp@=\toks22
\eqnshift@=\dimen167
\alignsep@=\dimen168
\tagshift@=\dimen169
\tagwidth@=\dimen170
\totwidth@=\dimen171
\lineht@=\dimen172
\@envbody=\toks23
\multlinegap=\skip51
\multlinetaggap=\skip52
\mathdisplay@stack=\toks24
LaTeX Info: Redefining \[ on input line 2953.
LaTeX Info: Redefining \] on input line 2954.
)
(/usr/share/texlive/texmf-dist/tex/latex/tools/tabularx.sty
Package: tabularx 2023/07/08 v2.11c `tabularx' package (DPC)

(/usr/share/texlive/texmf-dist/tex/latex/tools/array.sty
Package: array 2023/10/16 v2.5g Tabular extension package (FMi)
\col@sep=\dimen173
\ar@mcellbox=\box53
\extrarowheight=\dimen174
\NC@list=\toks25
\extratabsurround=\skip53
\backup@length=\skip54
\ar@cellbox=\box54
)
\TX@col@width=\dimen175
\TX@old@table=\dimen176
\TX@old@col=\dimen177
\TX@target=\dimen178
\TX@delta=\dimen179
\TX@cols=\count282
\TX@ftn=\toks26
)
(/usr/share/texlive/texmf-dist/tex/latex/float/float.sty
Package: float 2001/11/08 v1.3d Float enhancements (AL)
\c@float@type=\count283
\float@exts=\toks27
\float@box=\box55
\@float@everytoks=\toks28
\@floatcapt=\box56
)
(/usr/share/texlive/texmf-dist/tex/latex/cite/cite.sty
LaTeX Info: Redefining \cite on input line 302.
LaTeX Info: Redefining \nocite on input line 332.
Package: cite 2015/02/27  v 5.5
)
(/usr/share/texlive/texmf-dist/tex/latex/geometry/geometry.sty
Package: geometry 2020/01/02 v5.9 Page Geometry

(/usr/share/texlive/texmf-dist/tex/generic/iftex/ifvtex.sty
Package: ifvtex 2019/10/25 v1.7 ifvtex legacy package. Use iftex instead.

(/usr/share/texlive/texmf-dist/tex/generic/iftex/iftex.sty
Package: iftex 2022/02/03 v1.0f TeX engine tests
))
\Gm@cnth=\count284
\Gm@cntv=\count285
\c@Gm@tempcnt=\count286
\Gm@bindingoffset=\dimen180
\Gm@wd@mp=\dimen181
\Gm@odd@mp=\dimen182
\Gm@even@mp=\dimen183
\Gm@layoutwidth=\dimen184
\Gm@layoutheight=\dimen185
\Gm@layouthoffset=\dimen186
\Gm@layoutvoffset=\dimen187
\Gm@dimlist=\toks29
)
(/usr/share/texlive/texmf-dist/tex/latex/setspace/setspace.sty
Package: setspace 2022/12/04 v6.7b set line spacing
)
(/usr/share/texlive/texmf-dist/tex/latex/psnfss/mathptmx.sty
Package: mathptmx 2020/03/25 PSNFSS-v9.3 Times w/ Math, improved (SPQR, WaS) 
LaTeX Font Info:    Redeclaring symbol font `operators' on input line 28.
LaTeX Font Info:    Overwriting symbol font `operators' in version `normal'
(Font)                  OT1/cmr/m/n --> OT1/ztmcm/m/n on input line 28.
LaTeX Font Info:    Overwriting symbol font `operators' in version `bold'
(Font)                  OT1/cmr/bx/n --> OT1/ztmcm/m/n on input line 28.
LaTeX Font Info:    Redeclaring symbol font `letters' on input line 29.
LaTeX Font Info:    Overwriting symbol font `letters' in version `normal'
(Font)                  OML/cmm/m/it --> OML/ztmcm/m/it on input line 29.
LaTeX Font Info:    Overwriting symbol font `letters' in version `bold'
(Font)                  OML/cmm/b/it --> OML/ztmcm/m/it on input line 29.
LaTeX Font Info:    Redeclaring symbol font `symbols' on input line 30.
LaTeX Font Info:    Overwriting symbol font `symbols' in version `normal'
(Font)                  OMS/cmsy/m/n --> OMS/ztmcm/m/n on input line 30.
LaTeX Font Info:    Overwriting symbol font `symbols' in version `bold'
(Font)                  OMS/cmsy/b/n --> OMS/ztmcm/m/n on input line 30.
LaTeX Font Info:    Redeclaring symbol font `largesymbols' on input line 31.
LaTeX Font Info:    Overwriting symbol font `largesymbols' in version `normal'
(Font)                  OMX/cmex/m/n --> OMX/ztmcm/m/n on input line 31.
LaTeX Font Info:    Overwriting symbol font `largesymbols' in version `bold'
(Font)                  OMX/cmex/m/n --> OMX/ztmcm/m/n on input line 31.
\symbold=\mathgroup4
\symitalic=\mathgroup5
LaTeX Font Info:    Redeclaring math alphabet \mathbf on input line 34.
LaTeX Font Info:    Overwriting math alphabet `\mathbf' in version `normal'
(Font)                  OT1/cmr/bx/n --> OT1/ptm/bx/n on input line 34.
LaTeX Font Info:    Overwriting math alphabet `\mathbf' in version `bold'
(Font)                  OT1/cmr/bx/n --> OT1/ptm/bx/n on input line 34.
LaTeX Font Info:    Redeclaring math alphabet \mathit on input line 35.
LaTeX Font Info:    Overwriting math alphabet `\mathit' in version `normal'
(Font)                  OT1/cmr/m/it --> OT1/ptm/m/it on input line 35.
LaTeX Font Info:    Overwriting math alphabet `\mathit' in version `bold'
(Font)                  OT1/cmr/bx/it --> OT1/ptm/m/it on input line 35.
LaTeX Info: Redefining \hbar on input line 50.
)
(/usr/share/texlive/texmf-dist/tex/latex/listings/listings.sty
\lst@mode=\count287
\lst@gtempboxa=\box57
\lst@token=\toks30
\lst@length=\count288
\lst@currlwidth=\dimen188
\lst@column=\count289
\lst@pos=\count290
\lst@lostspace=\dimen189
\lst@width=\dimen190
\lst@newlines=\count291
\lst@lineno=\count292
\lst@maxwidth=\dimen191

(/usr/share/texlive/texmf-dist/tex/latex/listings/lstmisc.sty
File: lstmisc.sty 2023/02/27 1.9 (Carsten Heinz)
\c@lstnumber=\count293
\lst@skipnumbers=\count294
\lst@framebox=\box58
)
(/usr/share/texlive/texmf-dist/tex/latex/listings/listings.cfg
File: listings.cfg 2023/02/27 1.9 listings configuration
))
Package: listings 2023/02/27 1.9 (Carsten Heinz)

(/usr/share/texlive/texmf-dist/tex/latex/xcolor/xcolor.sty
Package: xcolor 2023/11/15 v3.01 LaTeX color extensions (UK)

(/usr/share/texlive/texmf-dist/tex/latex/graphics-cfg/color.cfg
File: color.cfg 2016/01/02 v1.6 sample color configuration
)
Package xcolor Info: Driver file: pdftex.def on input line 274.

(/usr/share/texlive/texmf-dist/tex/latex/graphics/mathcolor.ltx)
Package xcolor Info: Model `cmy' substituted by `cmy0' on input line 1350.
Package xcolor Info: Model `hsb' substituted by `rgb' on input line 1354.
Package xcolor Info: Model `RGB' extended on input line 1366.
Package xcolor Info: Model `HTML' substituted by `rgb' on input line 1368.
Package xcolor Info: Model `Hsb' substituted by `hsb' on input line 1369.
Package xcolor Info: Model `tHsb' substituted by `hsb' on input line 1370.
Package xcolor Info: Model `HSB' substituted by `hsb' on input line 1371.
Package xcolor Info: Model `Gray' substituted by `gray' on input line 1372.
Package xcolor Info: Model `wave' substituted by `hsb' on input line 1373.
)
(/usr/share/texlive/texmf-dist/tex/latex/titlesec/titlesec.sty
Package: titlesec 2023/10/27 v2.16 Sectioning titles
\ttl@box=\box59
\beforetitleunit=\skip55
\aftertitleunit=\skip56
\ttl@plus=\dimen192
\ttl@minus=\dimen193
\ttl@toksa=\toks31
\titlewidth=\dimen194
\titlewidthlast=\dimen195
\titlewidthfirst=\dimen196
)
(/usr/share/texlive/texmf-dist/tex/latex/hyperref/hyperref.sty
Package: hyperref 2024-01-20 v7.01h Hypertext links for LaTeX

(/usr/share/texlive/texmf-dist/tex/latex/kvsetkeys/kvsetkeys.sty
Package: kvsetkeys 2022-10-05 v1.19 Key value parser (HO)
)
(/usr/share/texlive/texmf-dist/tex/generic/kvdefinekeys/kvdefinekeys.sty
Package: kvdefinekeys 2019-12-19 v1.6 Define keys (HO)
)
(/usr/share/texlive/texmf-dist/tex/generic/pdfescape/pdfescape.sty
Package: pdfescape 2019/12/09 v1.15 Implements pdfTeX's escape features (HO)

(/usr/share/texlive/texmf-dist/tex/generic/ltxcmds/ltxcmds.sty
Package: ltxcmds 2023-12-04 v1.26 LaTeX kernel commands for general use (HO)
)
(/usr/share/texlive/texmf-dist/tex/generic/pdftexcmds/pdftexcmds.sty
Package: pdftexcmds 2020-06-27 v0.33 Utility functions of pdfTeX for LuaTeX (HO
)

(/usr/share/texlive/texmf-dist/tex/generic/infwarerr/infwarerr.sty
Package: infwarerr 2019/12/03 v1.5 Providing info/warning/error messages (HO)
)
Package pdftexcmds Info: \pdf@primitive is available.
Package pdftexcmds Info: \pdf@ifprimitive is available.
Package pdftexcmds Info: \pdfdraftmode found.
))
(/usr/share/texlive/texmf-dist/tex/latex/hycolor/hycolor.sty
Package: hycolor 2020-01-27 v1.10 Color options for hyperref/bookmark (HO)
)
(/usr/share/texlive/texmf-dist/tex/latex/auxhook/auxhook.sty
Package: auxhook 2019-12-17 v1.6 Hooks for auxiliary files (HO)
)
(/usr/share/texlive/texmf-dist/tex/latex/hyperref/nameref.sty
Package: nameref 2023-11-26 v2.56 Cross-referencing by name of section

(/usr/share/texlive/texmf-dist/tex/latex/refcount/refcount.sty
Package: refcount 2019/12/15 v3.6 Data extraction from label references (HO)
)
(/usr/share/texlive/texmf-dist/tex/generic/gettitlestring/gettitlestring.sty
Package: gettitlestring 2019/12/15 v1.6 Cleanup title references (HO)

(/usr/share/texlive/texmf-dist/tex/latex/kvoptions/kvoptions.sty
Package: kvoptions 2022-06-15 v3.15 Key value format for package options (HO)
))
\c@section@level=\count295
)
(/usr/share/texlive/texmf-dist/tex/latex/etoolbox/etoolbox.sty
Package: etoolbox 2020/10/05 v2.5k e-TeX tools for LaTeX (JAW)
\etb@tempcnta=\count296
)
\@linkdim=\dimen197
\Hy@linkcounter=\count297
\Hy@pagecounter=\count298

(/usr/share/texlive/texmf-dist/tex/latex/hyperref/pd1enc.def
File: pd1enc.def 2024-01-20 v7.01h Hyperref: PDFDocEncoding definition (HO)
Now handling font encoding PD1 ...
... no UTF-8 mapping file for font encoding PD1
)
(/usr/share/texlive/texmf-dist/tex/generic/intcalc/intcalc.sty
Package: intcalc 2019/12/15 v1.3 Expandable calculations with integers (HO)
)
\Hy@SavedSpaceFactor=\count299

(/usr/share/texlive/texmf-dist/tex/latex/hyperref/puenc.def
File: puenc.def 2024-01-20 v7.01h Hyperref: PDF Unicode definition (HO)
Now handling font encoding PU ...
... no UTF-8 mapping file for font encoding PU
)
Package hyperref Info: Hyper figures OFF on input line 4179.
Package hyperref Info: Link nesting OFF on input line 4184.
Package hyperref Info: Hyper index ON on input line 4187.
Package hyperref Info: Plain pages OFF on input line 4194.
Package hyperref Info: Backreferencing OFF on input line 4199.
Package hyperref Info: Implicit mode ON; LaTeX internals redefined.
Package hyperref Info: Bookmarks ON on input line 4446.
\c@Hy@tempcnt=\count300

(/usr/share/texlive/texmf-dist/tex/latex/url/url.sty
\Urlmuskip=\muskip17
Package: url 2013/09/16  ver 3.4  Verb mode for urls, etc.
)
LaTeX Info: Redefining \url on input line 4784.
\XeTeXLinkMargin=\dimen198

(/usr/share/texlive/texmf-dist/tex/generic/bitset/bitset.sty
Package: bitset 2019/12/09 v1.3 Handle bit-vector datatype (HO)

(/usr/share/texlive/texmf-dist/tex/generic/bigintcalc/bigintcalc.sty
Package: bigintcalc 2019/12/15 v1.5 Expandable calculations on big integers (HO
)
))
\Fld@menulength=\count301
\Field@Width=\dimen199
\Fld@charsize=\dimen256
Package hyperref Info: Hyper figures OFF on input line 6063.
Package hyperref Info: Link nesting OFF on input line 6068.
Package hyperref Info: Hyper index ON on input line 6071.
Package hyperref Info: backreferencing OFF on input line 6078.
Package hyperref Info: Link coloring OFF on input line 6083.
Package hyperref Info: Link coloring with OCG OFF on input line 6088.
Package hyperref Info: PDF/A mode OFF on input line 6093.

(/usr/share/texlive/texmf-dist/tex/latex/base/atbegshi-ltx.sty
Package: atbegshi-ltx 2021/01/10 v1.0c Emulation of the original atbegshi
package with kernel methods
)
\Hy@abspage=\count302
\c@Item=\count303
\c@Hfootnote=\count304
)
Package hyperref Info: Driver (autodetected): hpdftex.

(/usr/share/texlive/texmf-dist/tex/latex/hyperref/hpdftex.def
File: hpdftex.def 2024-01-20 v7.01h Hyperref driver for pdfTeX

(/usr/share/texlive/texmf-dist/tex/latex/base/atveryend-ltx.sty
Package: atveryend-ltx 2020/08/19 v1.0a Emulation of the original atveryend pac
kage
with kernel methods
)
\Fld@listcount=\count305
\c@bookmark@seq@number=\count306

(/usr/share/texlive/texmf-dist/tex/latex/rerunfilecheck/rerunfilecheck.sty
Package: rerunfilecheck 2022-07-10 v1.10 Rerun checks for auxiliary files (HO)

(/usr/share/texlive/texmf-dist/tex/generic/uniquecounter/uniquecounter.sty
Package: uniquecounter 2019/12/15 v1.4 Provide unlimited unique counter (HO)
)
Package uniquecounter Info: New unique counter `rerunfilecheck' on input line 2
85.
)
\Hy@SectionHShift=\skip57
)
Package hyperref Info: Option `colorlinks' set `true' on input line 24.
LaTeX Font Info:    Trying to load font information for OT1+ptm on input line 5
2.

(/usr/share/texlive/texmf-dist/tex/latex/psnfss/ot1ptm.fd
File: ot1ptm.fd 2001/06/04 font definitions for OT1/ptm.
)
(/usr/share/texlive/texmf-dist/tex/latex/l3backend/l3backend-pdftex.def
File: l3backend-pdftex.def 2024-01-04 L3 backend support: PDF output (pdfTeX)
\l__color_backend_stack_int=\count307
\l__pdf_internal_box=\box60
)
(./final_report_main.aux (./chapters/chap1_introduction.aux)
(./chapters/chap2_literature_review.aux) (./chapters/chap3_methodology.aux)
(./chapters/chap4_implementation.aux) (./chapters/chap5_evaluation.aux)
(./chapters/chap6_conclusion.aux) (./chapters/appendices.aux))
\openout1 = `final_report_main.aux'.

LaTeX Font Info:    Checking defaults for OML/cmm/m/it on input line 52.
LaTeX Font Info:    ... okay on input line 52.
LaTeX Font Info:    Checking defaults for OMS/cmsy/m/n on input line 52.
LaTeX Font Info:    ... okay on input line 52.
LaTeX Font Info:    Checking defaults for OT1/cmr/m/n on input line 52.
LaTeX Font Info:    ... okay on input line 52.
LaTeX Font Info:    Checking defaults for T1/cmr/m/n on input line 52.
LaTeX Font Info:    ... okay on input line 52.
LaTeX Font Info:    Checking defaults for TS1/cmr/m/n on input line 52.
LaTeX Font Info:    ... okay on input line 52.
LaTeX Font Info:    Checking defaults for OMX/cmex/m/n on input line 52.
LaTeX Font Info:    ... okay on input line 52.
LaTeX Font Info:    Checking defaults for U/cmr/m/n on input line 52.
LaTeX Font Info:    ... okay on input line 52.
LaTeX Font Info:    Checking defaults for PD1/pdf/m/n on input line 52.
LaTeX Font Info:    ... okay on input line 52.
LaTeX Font Info:    Checking defaults for PU/pdf/m/n on input line 52.
LaTeX Font Info:    ... okay on input line 52.

(/usr/share/texlive/texmf-dist/tex/context/base/mkii/supp-pdf.mkii
[Loading MPS to PDF converter (version 2006.09.02).]
\scratchcounter=\count308
\scratchdimen=\dimen257
\scratchbox=\box61
\nofMPsegments=\count309
\nofMParguments=\count310
\everyMPshowfont=\toks32
\MPscratchCnt=\count311
\MPscratchDim=\dimen258
\MPnumerator=\count312
\makeMPintoPDFobject=\count313
\everyMPtoPDFconversion=\toks33
) (/usr/share/texlive/texmf-dist/tex/latex/epstopdf-pkg/epstopdf-base.sty
Package: epstopdf-base 2020-01-24 v2.11 Base part for package epstopdf
Package epstopdf-base Info: Redefining graphics rule for `.eps' on input line 4
85.

(/usr/share/texlive/texmf-dist/tex/latex/latexconfig/epstopdf-sys.cfg
File: epstopdf-sys.cfg 2010/07/13 v1.3 Configuration of (r)epstopdf for TeX Liv
e
))
Package caption Info: Begin \AtBeginDocument code.
Package caption Info: float package is loaded.
Package caption Info: hyperref package is loaded.
Package caption Info: listings package is loaded.
Package caption Info: End \AtBeginDocument code.

*geometry* driver: auto-detecting
*geometry* detected driver: pdftex
*geometry* verbose mode - [ preamble ] result:
* driver: pdftex
* paper: a4paper
* layout: <same size as paper>
* layoutoffset:(h,v)=(0.0pt,0.0pt)
* modes: 
* h-part:(L,W,R)=(113.81102pt, 412.56497pt, 71.13188pt)
* v-part:(T,H,B)=(71.13188pt, 660.10394pt, 113.81102pt)
* \paperwidth=597.50787pt
* \paperheight=845.04684pt
* \textwidth=412.56497pt
* \textheight=660.10394pt
* \oddsidemargin=41.54103pt
* \evensidemargin=41.54103pt
* \topmargin=-38.1381pt
* \headheight=12.0pt
* \headsep=25.0pt
* \topskip=12.0pt
* \footskip=30.0pt
* \marginparwidth=35.0pt
* \marginparsep=10.0pt
* \columnsep=10.0pt
* \skip\footins=10.8pt plus 4.0pt minus 2.0pt
* \hoffset=0.0pt
* \voffset=0.0pt
* \mag=1000
* \@twocolumnfalse
* \@twosidefalse
* \@mparswitchfalse
* \@reversemarginfalse
* (1in=72.27pt=25.4mm, 1cm=28.453pt)

\c@lstlisting=\count314
Package hyperref Info: Link coloring ON on input line 52.
(./final_report_main.out) (./final_report_main.out)
\@outlinefile=\write3
\openout3 = `final_report_main.out'.

 [1

{/var/lib/texmf/fonts/map/pdftex/updmap/pdftex.map}{/usr/share/texlive/texmf-di
st/fonts/enc/dvips/base/8r.enc}]
pdfTeX warning (ext4): destination with the same identifier (name{page.i}) has 
been already used, duplicate ignored
<to be read again> 
                   \relax 
l.114 \end{titlepage}
                      [1]
(/usr/share/texlive/texmf-dist/tex/latex/psnfss/ot1ztmcm.fd)
(/usr/share/texlive/texmf-dist/tex/latex/psnfss/omlztmcm.fd)
(/usr/share/texlive/texmf-dist/tex/latex/psnfss/omsztmcm.fd)
(/usr/share/texlive/texmf-dist/tex/latex/psnfss/omxztmcm.fd)
pdfTeX warning (ext4): destination with the same identifier (name{page.i}) has 
been already used, duplicate ignored
<to be read again> 
                   \relax 
l.147 \clearpage
                 [1

] [2

] [3


] (./final_report_main.toc [4


] [5] [6])
\tf@toc=\write4
\openout4 = `final_report_main.toc'.

 [7]
(./final_report_main.lof)
\tf@lof=\write5
\openout5 = `final_report_main.lof'.

 [8


] (./final_report_main.lot)
\tf@lot=\write6
\openout6 = `final_report_main.lot'.

 [9


] [10


] [11


]
\openout2 = `chapters/chap1_introduction.aux'.


(./chapters/chap1_introduction.tex
Chapter 1.
(./chapters/02_background/background.tex)
(./chapters/02_background/blockchain_fundamentals.tex
Overfull \hbox (0.81863pt too wide) in paragraph at lines 1--1
\OT1/ptm/m/n/12 This chap-ter es-tab-lishes the foun-da-tional con-cepts nec-es
-sary to un-der-stand the project's
 []

(./chapters/02_background/blockchain_structure.tex)
(./chapters/02_background/consensus_protocols.tex)
(./chapters/02_background/blockchain_types.tex))
(./chapters/02_background/scalability_metrics.tex
Overfull \hbox (9.37416pt too wide) in paragraph at lines 2--1
\OT1/ptm/m/n/12 While this project fo-cuses on pub-lic, per-mis-sion-less block
chains (specif-i-cally Ethereum),
 []

[1



]
LaTeX Font Info:    Trying to load font information for TS1+ptm on input line 4
.
 (/usr/share/texlive/texmf-dist/tex/latex/psnfss/ts1ptm.fd
File: ts1ptm.fd 2001/06/04 font definitions for TS1/ptm.
))
(./chapters/02_background/blockchain_trilemma.tex)
(./chapters/02_background/blockchain_quadrilemma.tex)
(./chapters/02_background/ethereum_scalability.tex [2]
Underfull \hbox (badness 5726) in paragraph at lines 9--9
[]| \OT1/ptm/m/n/12 24 TPS (Ether-scan
 []


Underfull \hbox (badness 4886) in paragraph at lines 10--10
\OT1/ptm/m/n/12 fastest raw ex-e-cu-tion
 []


Underfull \hbox (badness 2980) in paragraph at lines 11--11
[]|\OT1/ptm/m/n/12 Primary scal-ing tech-
 []


Overfull \hbox (114.11374pt too wide) in paragraph at lines 6--13
 [][] 
 []

) (./chapters/02_background/layer2_scaling.tex [3])
(./chapters/02_background/rollups.tex) (./chapters/02_background/zk_proofs.tex
[4]
Overfull \hbox (0.92633pt too wide) in paragraph at lines 4--5
\OT1/ptm/m/n/12 ZK-Rollups dis-tin-guish them-selves from Op-ti-mistic Rollups 
by their ver-i-fi-ca-tion mech-
 []

) (./chapters/02_background/zk_snarks_starks.tex)
(./chapters/02_background/data_availability.tex [5])
(./chapters/01_introduction/motivation.tex [6]
Overfull \hbox (23.24312pt too wide) in paragraph at lines 10--11
[]\OT1/ptm/m/n/12 This fun-da-men-tal lim-i-ta-tion re-flects the widely rec-og
-nized blockchain trilemma|which
 []


Overfull \hbox (0.18005pt too wide) in paragraph at lines 12--13
[]\OT1/ptm/m/n/12 Ethereum's cur-rent scal-ing di-rec-tion re-lies heav-ily on 
Layer-2 (L2) rollups. Rollups
 []

) (./chapters/04_problem_objectives/problem_statement.tex [7])
(./chapters/04_problem_objectives/research_questions.tex)
(./chapters/04_problem_objectives/research_objectives.tex [8] [9]
Overfull \hbox (13.07016pt too wide) in paragraph at lines 23--24
[]\OT1/ptm/b/n/12 Execution Cor-rect-ness and Fair-ness: \OT1/ptm/m/n/12 Eval-u
-ated through the Se-quencer's schedul-
 []

) (./chapters/04_problem_objectives/project_scope.tex
Underfull \hbox (badness 10000) in paragraph at lines 24--24
[]|\OT1/ptm/b/n/10.95 Related Com-po-
 []


Underfull \hbox (badness 10000) in paragraph at lines 24--24
[]|\OT1/ptm/b/n/10.95 Report
 []


Underfull \hbox (badness 1067) in paragraph at lines 24--24
[]|\OT1/ptm/m/n/10.95 Design mod-u-lar ar-chi-
 []


LaTeX Warning: Reference `ch:system_architecture' on page 10 undefined on input
 line 24.


Underfull \hbox (badness 10000) in paragraph at lines 24--24
[]|\OT1/ptm/m/n/10.95 Evaluate batch/DA
 []


LaTeX Warning: Reference `ch:results' on page 10 undefined on input line 24.


LaTeX Warning: Reference `ch:discussion' on page 10 undefined on input line 24.



Underfull \hbox (badness 10000) in paragraph at lines 24--24
[]|\OT1/ptm/m/n/10.95 Executor, Mock
 []


LaTeX Warning: Reference `ch:results' on page 10 undefined on input line 24.


LaTeX Warning: Reference `ch:discussion' on page 10 undefined on input line 24.



Underfull \hbox (badness 10000) in paragraph at lines 24--24
[]|\OT1/ptm/m/n/10.95 Development
 []


LaTeX Warning: Reference `ch:discussion' on page 10 undefined on input line 24.


) (./chapters/01_introduction/contributions.tex [10]
Overfull \hbox (14.22104pt too wide) in paragraph at lines 8--9
[]\OT1/ptm/m/n/12 Empirical anal-y-sis iden-ti-fy-ing the crit-i-cal throughput
--latency--cost trade-offs across
 []

) (./chapters/01_introduction/report_organization.tex

LaTeX Warning: Reference `ch:background' on page 11 undefined on input line 5.


LaTeX Warning: Reference `ch:problem_objectives' on page 11 undefined on input 
line 7.


LaTeX Warning: Reference `ch:system_architecture' on page 11 undefined on input
 line 8.


LaTeX Warning: Reference `ch:experimental_setup' on page 11 undefined on input 
line 11.


LaTeX Warning: Reference `ch:results' on page 11 undefined on input line 11.


LaTeX Warning: Reference `ch:discussion' on page 11 undefined on input line 12.



LaTeX Warning: Reference `ch:threats_to_validity' on page 11 undefined on input
 line 13.


LaTeX Warning: Reference `ch:individual_contributions' on page 11 undefined on 
input line 14.

)) [11]
\openout2 = `chapters/chap2_literature_review.aux'.

 (./chapters/chap2_literature_review.tex
Chapter 2.
(./chapters/03_literature_review/literature_review.tex)
(./chapters/03_literature_review/blockchain_scalability_taxonomy.tex
(./chapters/03_literature_review/write_performance_scalability.tex)
(./chapters/03_literature_review/read_performance_scalability.tex)
(./chapters/03_literature_review/storage_scalability.tex))
(./chapters/03_literature_review/current_state_of_art.tex [12




]
(./chapters/03_literature_review/sequencer_related_work.tex)
(./chapters/03_literature_review/prover_related_work.tex)
(./chapters/03_literature_review/data_availability_related_work.tex) [13]
Underfull \hbox (badness 4036) in paragraph at lines 29--29
[]|\OT1/ptm/m/n/12 Chaliasos et al.
 []


Underfull \hbox (badness 10000) in paragraph at lines 29--29
[]|\OT1/ptm/m/n/12 ZK-Rollup
 []


Underfull \hbox (badness 10000) in paragraph at lines 29--29
[]|\OT1/ptm/m/n/12 Emprical anal-y-sis
 []


Underfull \hbox (badness 10000) in paragraph at lines 29--29
\OT1/ptm/m/n/12 pro-duc-tion sys-
 []


Underfull \hbox (badness 10000) in paragraph at lines 29--29
\OT1/ptm/m/n/12 tems, mak-ing
 []


Underfull \hbox (badness 10000) in paragraph at lines 29--29
\OT1/ptm/m/n/12 apples-to-apples
 []


Underfull \hbox (badness 10000) in paragraph at lines 29--29
\OT1/ptm/m/n/12 com-par-isons
 []


Underfull \hbox (badness 10000) in paragraph at lines 29--29
[]|\OT1/ptm/m/n/12 Provides the
 []


Underfull \hbox (badness 10000) in paragraph at lines 29--29
\OT1/ptm/m/n/12 foun-da-tion for
 []


Underfull \hbox (badness 2617) in paragraph at lines 29--29
\OT1/ptm/m/n/12 the cost mod-els
 []


Underfull \hbox (badness 10000) in paragraph at lines 29--29
\OT1/ptm/m/n/12 and eval-u-a-tion
 []


Underfull \hbox (badness 4378) in paragraph at lines 29--29
\OT1/ptm/m/n/12 met-rics used in
 []


Underfull \hbox (badness 10000) in paragraph at lines 29--29
\OT1/ptm/m/n/12 our con-trolled
 []


Underfull \hbox (badness 10000) in paragraph at lines 29--29
[]|\OT1/ptm/m/n/12 Data Avail-
 []


Underfull \hbox (badness 1057) in paragraph at lines 29--29
\OT1/ptm/m/n/12 a-nisms across var-i-
 []


Underfull \hbox (badness 3333) in paragraph at lines 29--29
[]|\OT1/ptm/m/n/12 Identified the shift
 []


Underfull \hbox (badness 10000) in paragraph at lines 29--29
\OT1/ptm/m/n/12 from call-data to
 []


Underfull \hbox (badness 10000) in paragraph at lines 29--29
\OT1/ptm/m/n/12 cru-cial cost-saving
 []


Underfull \hbox (badness 2717) in paragraph at lines 29--29
\OT1/ptm/m/n/12 em-pir-i-cal ex-e-cu-
 []


Underfull \hbox (badness 1755) in paragraph at lines 29--29
\OT1/ptm/m/n/12 tion met-rics un-
 []


Underfull \hbox (badness 10000) in paragraph at lines 29--29
[]|\OT1/ptm/m/n/12 Motivates our
 []


Underfull \hbox (badness 7649) in paragraph at lines 29--29
\OT1/ptm/m/n/12 em-pir-i-cal eval-u-
 []


Underfull \hbox (badness 5847) in paragraph at lines 29--29
\OT1/ptm/m/n/12 vs. Blob vs.
 []


Underfull \hbox (badness 10000) in paragraph at lines 29--29
\OT1/ptm/m/n/12 Of-fchain DA
 []


Underfull \hbox (badness 10000) in paragraph at lines 29--29
[]|\OT1/ptm/m/n/12 Ethereum
 []


Underfull \hbox (badness 10000) in paragraph at lines 29--29
\OT1/ptm/m/n/12 Layer-1 Up-
 []


Underfull \hbox (badness 10000) in paragraph at lines 29--29
[]|\OT1/ptm/m/n/12 Specification
 []


Underfull \hbox (badness 10000) in paragraph at lines 29--29
\OT1/ptm/m/n/12 for Proto-
 []


Underfull \hbox (badness 10000) in paragraph at lines 29--29
[]|\OT1/ptm/m/n/12 Introduces blob-
 []


Underfull \hbox (badness 10000) in paragraph at lines 29--29
\OT1/ptm/m/n/12 carrying trans-ac-
 []


Underfull \hbox (badness 2781) in paragraph at lines 29--29
\OT1/ptm/m/n/12 tions to dras-ti-cally
 []


Underfull \hbox (badness 10000) in paragraph at lines 29--29
[]|\OT1/ptm/m/n/12 Theoretical
 []


Underfull \hbox (badness 10000) in paragraph at lines 29--29
\OT1/ptm/m/n/12 spec-i-fi-ca-tion;
 []


Underfull \hbox (badness 10000) in paragraph at lines 29--29
\OT1/ptm/m/n/12 gra-tion re-quires
 []


Underfull \hbox (badness 10000) in paragraph at lines 29--29
[]|\OT1/ptm/m/n/12 Informs the
 []


Underfull \hbox (badness 10000) in paragraph at lines 29--29
\OT1/ptm/m/n/12 im-ple-men-ta-tion
 []


Underfull \hbox (badness 1107) in paragraph at lines 29--29
\OT1/ptm/m/n/12 mode and Blob-
 []


Underfull \hbox (badness 10000) in paragraph at lines 29--29
[]|\OT1/ptm/m/n/12 Broad sur-vey;
 []


Underfull \hbox (badness 1117) in paragraph at lines 29--29
\OT1/ptm/m/n/12 lacks deep tech-
 []


Underfull \hbox (badness 10000) in paragraph at lines 29--29
\OT1/ptm/m/n/12 ni-cal anal-y-sis
 []


Underfull \hbox (badness 10000) in paragraph at lines 29--29
\OT1/ptm/m/n/12 of ZK prov-ing
 []


Underfull \hbox (badness 10000) in paragraph at lines 29--29
[]|\OT1/ptm/m/n/12 Establishes the
 []


Underfull \hbox (badness 10000) in paragraph at lines 29--29
\OT1/ptm/m/n/12 broad back-
 []


Underfull \hbox (badness 10000) in paragraph at lines 29--29
\OT1/ptm/m/n/12 ground and
 []

) (./chapters/03_literature_review/zk_rollup_benchmarking.tex)
(./chapters/03_literature_review/gap_analysis.tex [14]
Underfull \hbox (badness 2285) in paragraph at lines 23--23
[]|\OT1/ptm/b/n/10.95 How This Project
 []


Underfull \hbox (badness 5681) in paragraph at lines 23--23
[]|\OT1/ptm/m/n/10.95 Write Scal-a-bil-
 []


Underfull \hbox (badness 10000) in paragraph at lines 23--23
[]|\OT1/ptm/m/n/10.95 Often the-o-ret-i-cal;
 []


Underfull \hbox (badness 10000) in paragraph at lines 23--23
[]|\OT1/ptm/m/n/10.95 Prover Bot-tle-
 []


Underfull \hbox (badness 10000) in paragraph at lines 23--23
[]|\OT1/ptm/m/n/10.95 Requires mas-sive
 []


Underfull \hbox (badness 10000) in paragraph at lines 23--23
[]|\OT1/ptm/m/n/10.95 Uses benchmark-
 []


Underfull \hbox (badness 3019) in paragraph at lines 23--23
\OT1/ptm/m/n/10.95 to iso-late systems-
 []


Underfull \hbox (badness 10000) in paragraph at lines 23--23
\OT1/ptm/m/n/10.95 level queue-ing,
 []


Underfull \hbox (badness 10000) in paragraph at lines 23--23
[]|\OT1/ptm/m/n/10.95 Analysis of EIP-4844
 []


Underfull \hbox (badness 10000) in paragraph at lines 23--23
[]|\OT1/ptm/m/n/10.95 Usually ob-served
 []


Underfull \hbox (badness 1953) in paragraph at lines 23--23
\OT1/ptm/m/n/10.95 pas-sively on main-
 []


Underfull \hbox (badness 2150) in paragraph at lines 23--23
[]|\OT1/ptm/m/n/10.95 Allows ac-tive con-
 []


Underfull \hbox (badness 10000) in paragraph at lines 23--23
\OT1/ptm/m/n/10.95 fig-u-ra-tion tog-gling
 []


Underfull \hbox (badness 10000) in paragraph at lines 23--23
\OT1/ptm/m/n/10.95 be-tween call-data
 []


Underfull \hbox (badness 10000) in paragraph at lines 23--23
[]|\OT1/ptm/m/n/10.95 Rollup Bench-
 []


Underfull \hbox (badness 10000) in paragraph at lines 23--23
[]|\OT1/ptm/m/n/10.95 Benchmarking frame-
 []


Underfull \hbox (badness 10000) in paragraph at lines 23--23
[]|\OT1/ptm/m/n/10.95 Production ZK-
 []


Underfull \hbox (badness 10000) in paragraph at lines 23--23
\OT1/ptm/m/n/10.95 EVMs are too
 []


Underfull \hbox (badness 7814) in paragraph at lines 23--23
\OT1/ptm/m/n/10.95 com-plex to eas-ily
 []


Underfull \hbox (badness 10000) in paragraph at lines 23--23
\OT1/ptm/m/n/10.95 mod-ify core se-
 []


Underfull \hbox (badness 10000) in paragraph at lines 23--23
[]|\OT1/ptm/m/n/10.95 Provides a con-
 []


Underfull \hbox (badness 10000) in paragraph at lines 23--23
\OT1/ptm/m/n/10.95 trolled, syn-thetic
 []


Underfull \hbox (badness 10000) in paragraph at lines 23--23
\OT1/ptm/m/n/10.95 bench-mark-ing
 []


Underfull \hbox (badness 10000) in paragraph at lines 23--23
\OT1/ptm/m/n/10.95 con-fig-u-ra-tion com-
 []

)) [15] [16]
\openout2 = `chapters/chap3_methodology.aux'.

 (./chapters/chap3_methodology.tex
Chapter 3.
(./chapters/06_methodology/methodology.tex)
(./chapters/05_system_architecture/architecture_overview.tex [17




])
(./chapters/05_system_architecture/transaction_lifecycle.tex [18])
(./chapters/05_system_architecture/component_interactions.tex
Underfull \hbox (badness 1038) in paragraph at lines 27--27
[]|\OT1/ptm/m/n/10.95 L1 bridge; val-i-dates DA com-mit-ments, ver-i-fies
 []


Underfull \hbox (badness 10000) in alignment at lines 27--27
[][][] 
 []

[19]) (./chapters/05_system_architecture/data_flow.tex)
(./chapters/05_system_architecture/design_rationale.tex [20]
Overfull \hbox (3.23038pt too wide) in paragraph at lines 7--8
[]\OT1/ptm/b/n/12 Saga Work-flow En-gine: \OT1/ptm/m/n/12 The Sub-mit-ter im-pl
e-ments a ro-bust Saga pat-tern backed
 []

) (./chapters/05_system_architecture/prototype_vs_production.tex
Underfull \hbox (badness 8151) in paragraph at lines 22--22
[]|\OT1/ptm/b/n/10.95 Production Rollup (e.g.,
 []


Underfull \hbox (badness 10000) in paragraph at lines 22--22
[]|\OT1/ptm/m/n/10.95 Execution En-vi-ron-
 []


Underfull \hbox (badness 1668) in paragraph at lines 22--22
\OT1/ptm/m/n/10.95 tai-lored for transfer-style work-
 []


Underfull \hbox (badness 10000) in paragraph at lines 22--22
[]|\OT1/ptm/m/n/10.95 Massively par-al-lelized,
 []


Underfull \hbox (badness 10000) in paragraph at lines 22--22
\OT1/ptm/m/n/10.95 hardware-accelerated re-
 []


Underfull \hbox (badness 10000) in paragraph at lines 22--22
\OT1/ptm/m/n/10.95 cur-sive prov-ing (e.g.,
 []


Underfull \hbox (badness 10000) in paragraph at lines 22--22
[]|\OT1/ptm/m/n/10.95 Deployed on Ethereum
 []


Underfull \hbox (badness 1231) in paragraph at lines 22--22
\OT1/ptm/m/n/10.95 data and EIP-4844 blobs); off-
 []

) (./chapters/06_methodology/research_design.tex)
(./chapters/06_methodology/workload_model.tex [21])
(./chapters/06_methodology/batching_policy_space.tex
Overfull \hbox (51.10176pt too wide) in paragraph at lines 16--1
\OT1/ptm/m/n/12 neck it-self, it re-lies on un-signed or pre-signed user trans-
ac-tions when \OT1/cmtt/m/n/12 ALLOW[]UNSIGNED[]USER[]TXS
 []

) (./chapters/06_methodology/sequencing_policy_space.tex
Overfull \hbox (46.31151pt too wide) in paragraph at lines 5--1
\OT1/ptm/m/n/12 The se-quencer eval-u-ates batch trig-gers con-tin-u-ously. The
 pri-mary vari-ables are \OT1/cmtt/m/n/12 max[]batch[]size
 []

[22]) (./chapters/06_methodology/data_availability_modes.tex)
(./chapters/06_methodology/cost_model.tex
Overfull \hbox (83.56631pt too wide) in paragraph at lines 10--18
 [][] 
 []

[23]) (./chapters/06_methodology/evaluation_metrics.tex
Overfull \hbox (20.70302pt too wide) in paragraph at lines 3--4
\OT1/ptm/m/n/12 Telemetry data is col-lected as raw JSON/CSV met-rics in the \O
T1/cmtt/m/n/12 benchmark-suite/metrics/
 []


Underfull \hbox (badness 2126) in paragraph at lines 20--20
[]|\OT1/ptm/m/n/10.95 Size of the com-pressed data
 []

) (./chapters/06_methodology/experimental_procedure.tex [24])) [25]
\openout2 = `chapters/chap4_implementation.aux'.


(./chapters/chap4_implementation.tex
Chapter 4.
(./chapters/07_implementation/implementation_overview.tex
Overfull \hbox (119.65855pt too wide) in paragraph at lines 8--17
 [][] 
 []

) (./chapters/07_implementation/workload_generator.tex [26




]
Overfull \hbox (4.07307pt too wide) in paragraph at lines 8--9
\OT1/ptm/m/n/12 quencer's \OT1/cmtt/m/n/12 UserTransaction::hash() \OT1/ptm/m/n
/12 func-tion de-lib-er-ately ex-cludes \OT1/cmtt/m/n/12 calldata
 []


Overfull \hbox (8.65346pt too wide) in paragraph at lines 9--10
[]\OT1/ptm/b/n/12 Input/Output Files: \OT1/ptm/m/n/12 The gen-er-a-tor in-ter-a
cts with the se-quencer via an HTTP/RPC
 []

) (./chapters/07_implementation/sequencer.tex [27])
(./chapters/07_implementation/executor.tex
Overfull \hbox (6.64926pt too wide) in paragraph at lines 11--12
\OT1/ptm/m/n/12 transfer-style work-loads and Merkle state up-dates (transfer-c
entric re-search logic).
 []

[28]) (./chapters/07_implementation/prover.tex
Overfull \hbox (8.46349pt too wide) in paragraph at lines 7--8
\OT1/ptm/m/n/12 bound-aries with a $\OMS/ztmcm/m/n/12 ^^X$\OT1/ptm/m/n/12 70-80
s fixed over-head, and pro-duces con-stant 256-byte proofs. 
 []


Overfull \hbox (0.30167pt too wide) in paragraph at lines 8--9
[]\OT1/ptm/b/n/12 Deprecation of Ini-tial Pro-pos-als: \OT1/ptm/m/n/12 Early pr
ogress re-ports men-tioned par-al-lelized
 []

) (./chapters/07_implementation/submitter.tex [29]
Overfull \hbox (37.82394pt too wide) in paragraph at lines 9--10
[]\OT1/ptm/b/n/12 Output: \OT1/ptm/m/n/12 Broad-casts trans-ac-tions to the L1 
Hard-hat node via \OT1/cmtt/m/n/12 eth[]sendRawTransaction
 []

) (./chapters/07_implementation/smart_contracts.tex
Overfull \hbox (2.93027pt too wide) in paragraph at lines 8--9
[]\OT1/ptm/b/n/12 Mock Ver-i-fier and Real Ver-i-fier Scope: \OT1/ptm/m/n/12 Du
r-ing stan-dard bench-mark-ing sweeps,
 []


Overfull \hbox (4.01497pt too wide) in paragraph at lines 8--9
\OT1/ptm/m/n/12 lo-cal L1 in-ter-ac-tions by-pass cryp-to-graphic ver-i-fi-ca-t
ion us-ing \OT1/cmtt/m/n/12 MockVerifier.sol
 []

) (./chapters/07_implementation/state_synchronization.tex [30]
Overfull \hbox (11.63918pt too wide) in paragraph at lines 6--7
[]\OT1/ptm/m/n/12 The Se-quencer per-forms lo-cal, pes-simistic val-i-da-tion o
f in-com-ing trans-ac-tions against
 []

) (./chapters/07_implementation/benchmarking_tools.tex
Overfull \hbox (48.76486pt too wide) in paragraph at lines 6--7
[]\OT1/ptm/b/n/12 Orchestration: \OT1/ptm/m/n/12 A suite of bash scripts (e.g.,
 \OT1/cmtt/m/n/12 run[]experiment.sh \OT1/ptm/m/n/12 and \OT1/cmtt/m/n/12 run[]
pipeline.sh\OT1/ptm/m/n/12 )
 []

) (./chapters/07_implementation/data_tools.tex)
(./chapters/07_implementation/configuration_management.tex
Overfull \hbox (10.64674pt too wide) in paragraph at lines 3--1
\OT1/ptm/m/n/12 The Data Tools an-a-lyt-ics pipeline pro-cesses teleme-try data
 by con-sum-ing raw JSON/CSV
 []


Overfull \hbox (17.99266pt too wide) in paragraph at lines 3--1
\OT1/ptm/m/n/12 met-rics from \OT1/cmtt/m/n/12 benchmark-suite/metrics/ \OT1/pt
m/m/n/12 and ag-gre-gat-ing/-an-a-lyz-ing them us-ing Python
 []

) (./chapters/07_implementation/logging_and_metrics.tex [31])
(./chapters/07_implementation/integration_challenges.tex)
(./chapters/07_implementation/development_challenges.tex)) [32]
\openout2 = `chapters/chap5_evaluation.aux'.


(./chapters/chap5_evaluation.tex
Chapter 5.
(./chapters/08_experimental_setup/experimental_setup.tex)
(./chapters/08_experimental_setup/environment.tex
Overfull \hbox (36.40808pt too wide) in paragraph at lines 11--12
\OT1/ptm/m/n/12 The lo-cal L1 net-work is pro-vided by a cus-tom Docker im-age 
(\OT1/cmtt/m/n/12 contracts/Dockerfile.node\OT1/ptm/m/n/12 )
 []


Overfull \hbox (4.58311pt too wide) in paragraph at lines 11--12
\OT1/ptm/m/n/12 run-ning \OT1/cmtt/m/n/12 npx hardhat node --hostname 0.0.0.0 -
-port 8545\OT1/ptm/m/n/12 . This setup is cru-
 []


Overfull \hbox (58.62175pt too wide) in paragraph at lines 11--12
\OT1/ptm/m/n/12 ploy-ment is au-to-mated via a de-ploy-ment script (\OT1/cmtt/m
/n/12 npx hardhat run scripts/deploy-local.ts\OT1/ptm/m/n/12 )
 []

) (./chapters/08_experimental_setup/software_stack.tex
Overfull \hbox (16.93704pt too wide) in paragraph at lines 13--1
[]\OT1/ptm/m/n/12 When run-ning the lo-cal se-quencer against a fresh lo-cal Ha
rd-hat node, the \OT1/cmtt/m/n/12 start[]block
 []

[33




]) (./chapters/08_experimental_setup/deployment_setup.tex
Overfull \hbox (17.46329pt too wide) in paragraph at lines 3--1
\OT1/ptm/m/n/12 The sys-tem re-lies on Docker En-gine and Docker Com-pose. Comp
onent-specific toolchains
 []

) (./chapters/08_experimental_setup/configurations.tex
Overfull \hbox (7.46826pt too wide) in paragraph at lines 3--1
\OT1/ptm/m/n/12 A cus-tom Docker im-age (\OT1/cmtt/m/n/12 contracts/Dockerfile.
node\OT1/ptm/m/n/12 ) run-ning \OT1/cmtt/m/n/12 npx hardhat node
 []


Overfull \hbox (95.66985pt too wide) in paragraph at lines 3--4
\OT1/ptm/m/n/12 Component con-fig-u-ra-tions are man-aged via YAML and TOML tem
-plates (e.g., \OT1/cmtt/m/n/12 sequencer.docker.yaml\OT1/ptm/m/n/12 ,
 []


Underfull \hbox (badness 1033) in paragraph at lines 24--24
[]|\OT1/ptm/m/n/10.95 Fixed Batch-ing & Latency-Cost
 []


Underfull \hbox (badness 4144) in paragraph at lines 24--24
[]|\OT1/ptm/m/n/10.95 Load Thresh-olds (Low, Medium,
 []

[34]) (./chapters/08_experimental_setup/experiment_scenarios.tex
Overfull \hbox (138.3349pt too wide) in paragraph at lines 27--1
\OT1/ptm/m/n/12 (e.g., \OT1/cmtt/m/n/12 run[]experiment.sh\OT1/ptm/m/n/12 ). Th
e pipeline joins met-rics by batch ID across the \OT1/cmtt/m/n/12 sequencer[]ba
tch[]metrics.jsonl\OT1/ptm/m/n/12 ,
 []


Underfull \hbox (badness 10000) in paragraph at lines 20--20
[]|\OT1/ptm/m/n/10.95 Compare to-tal
 []


Underfull \hbox (badness 10000) in paragraph at lines 20--20
\OT1/ptm/m/n/10.95 trans-ac-tion cost
 []


Underfull \hbox (badness 3354) in paragraph at lines 20--20
\OT1/ptm/m/n/10.95 re-duc-tion against
 []


Underfull \hbox (badness 10000) in paragraph at lines 20--20
[]|\OT1/ptm/m/n/10.95 Sweep pa-ram-
 []


Underfull \hbox (badness 10000) in paragraph at lines 20--20
\OT1/ptm/m/n/10.95 e-ter-ized proof
 []


Underfull \hbox (badness 1895) in paragraph at lines 20--20
\OT1/ptm/m/n/10.95 de-lay to ob-serve
 []

) (./chapters/08_experimental_setup/metrics_collection.tex [35]
Underfull \hbox (badness 10000) in paragraph at lines 24--24
[]|\OT1/ptm/m/n/10.95 Finalization
 []


Underfull \hbox (badness 1226) in paragraph at lines 24--24
[]|\OT1/ptm/m/n/10.95 Cost per Trans-
 []


Underfull \hbox (badness 10000) in paragraph at lines 24--24
[]|\OT1/ptm/m/n/10.95 Gas/L1
 []

) (./chapters/08_experimental_setup/reproducibility_setup.tex
Overfull \hbox (233.01392pt too wide) in paragraph at lines 7--15
 [][] 
 []

[36]) (./chapters/09_results/results_overview.tex
Overfull \hbox (15.76459pt too wide) in paragraph at lines 17--2
[]\OT1/ptm/m/n/12 It is im-por-tant to note that when run-ning the data an-a-ly
t-ics pipeline, \OT1/cmtt/m/n/12 run[]pipeline.sh
 []


Overfull \hbox (43.496pt too wide) in paragraph at lines 17--2
\OT1/ptm/m/n/12 must be ex-e-cuted from the repos-i-tory root di-rec-tory rathe
r than from in-side \OT1/cmtt/m/n/12 benchmark-suite/\OT1/ptm/m/n/12 ,
 []

[37]) (./chapters/09_results/effect_of_batch_size.tex
(./chapters/09_results/cost_results.tex [38])
(./chapters/09_results/latency_results.tex))
(./chapters/09_results/throughput_results.tex [39])
(./chapters/09_results/da_mode_comparison.tex
(./chapters/09_results/data_availability_results.tex [40]))
(./chapters/09_results/proof_delay_impact.tex [41]
(./chapters/09_results/finalization_results.tex)
(./chapters/09_results/bottleneck_analysis.tex))
(./chapters/09_results/summary_of_findings.tex [42])
(./chapters/10_discussion/discussion.tex)
(./chapters/10_discussion/rq_answers.tex
Overfull \hbox (5.07872pt too wide) in paragraph at lines 6--7
\OT1/ptm/m/n/12 Batch size fun-da-men-tally dic-tates the through-put{latency{c
ost trade-off. Larger batches
 []

[43]) (./chapters/10_discussion/throughput_latency_cost_tradeoff.tex)
(./chapters/10_discussion/batching_discussion.tex [44])
(./chapters/10_discussion/data_availability_discussion.tex)
(./chapters/10_discussion/prover_discussion.tex)
(./chapters/10_discussion/design_implications.tex [45])
(./chapters/10_discussion/prototype_vs_production_discussion.tex
Overfull \hbox (15.19334pt too wide) in paragraph at lines 7--8
\OT1/ptm/m/n/12 volatile real-world traf-fic. Pro-duc-tion se-quencers must im-
ple-ment dy-namic schedul-
 []

[46]
Underfull \hbox (badness 10000) in paragraph at lines 28--28
[]|\OT1/ptm/b/n/12 Production ZK-
 []


Underfull \hbox (badness 1675) in paragraph at lines 28--28
[]|\OT1/ptm/b/n/12 Research-Grade Pro-
 []


Underfull \hbox (badness 1789) in paragraph at lines 30--30
[]|\OT1/ptm/m/n/12 Full EVM or cus-tom
 []


Underfull \hbox (badness 10000) in paragraph at lines 31--31
[]|\OT1/ptm/m/n/12 Real pro-duc-tion
 []


Underfull \hbox (badness 10000) in paragraph at lines 31--31
[]|\OT1/ptm/m/n/12 Mock/parameterized
 []


Underfull \hbox (badness 10000) in paragraph at lines 32--32
[]|\OT1/ptm/m/n/12 GPU/high-
 []


Underfull \hbox (badness 2865) in paragraph at lines 32--32
[]|\OT1/ptm/m/n/12 Student/research hard-
 []

)) [47]
\openout2 = `chapters/chap6_conclusion.aux'.

 (./chapters/chap6_conclusion.tex
Chapter 6.
(./chapters/13_conclusion/conclusion.tex
Overfull \hbox (2.14638pt too wide) in paragraph at lines 8--9
[]\OT1/ptm/b/n/12 Data Avail-abil-ity Dy-nam-ics: \OT1/ptm/m/n/12 Tran-si-tion-
ing from stan-dard trans-ac-tion \OT1/cmtt/m/n/12 calldata
 []

) (./chapters/13_conclusion/future_work.tex [48




])) [49]
(./final_report_main.bbl
Underfull \hbox (badness 10000) in paragraph at lines 25--28
[]\OT1/ptm/m/n/12 Ethereum Foun-da-tion, ``Scal-ing.'' [][]$\OT1/cmtt/m/n/12 ht
tps : / / ethereum . org / developers /
 []

[50




]) [51]
\openout2 = `chapters/appendices.aux'.

 (./chapters/appendices.tex
(./chapters/appendices/repository_structure.tex
Appendix A.

Overfull \hbox (13.51024pt too wide) in paragraph at lines 16--16
[]\OT1/cmtt/m/n/12 |-- benchmark-suite/   # Workload generator and orchestratio
n scripts[] 
 []


Overfull \hbox (69.08527pt too wide) in paragraph at lines 16--16
[]\OT1/cmtt/m/n/12 |-- data-tools/        # Python scripts for telemetry aggreg
ation and plotting[] 
 []


Overfull \hbox (32.03525pt too wide) in paragraph at lines 16--16
[]\OT1/cmtt/m/n/12 |-- docs/              # System architecture and component d
ocumentation[] 
 []


Overfull \hbox (93.78528pt too wide) in paragraph at lines 16--16
[]\OT1/cmtt/m/n/12 |-- executor/          # Rust executor (state transitions an
d proving integration)[] 
 []


Overfull \hbox (56.73526pt too wide) in paragraph at lines 16--16
[]\OT1/cmtt/m/n/12 |-- sequencer/         # Rust sequencer (transaction ingesti
on and batching)[] 
 []


Overfull \hbox (44.38525pt too wide) in paragraph at lines 16--16
[]\OT1/cmtt/m/n/12 |-- submitter/         # Rust submitter (DA formatting and L
1 interaction)[] 
 []


Overfull \hbox (38.21025pt too wide) in paragraph at lines 16--16
[]\OT1/cmtt/m/n/12 |-- latex/             # LaTeX sources for reports, papers, 
and proposals[] 
 []

) (./chapters/appendices/build_run_guide.tex [52


]
Appendix B.

Overfull \hbox (50.56026pt too wide) in paragraph at lines 44--44
[]\OT1/cmtt/m/n/12 cd contracts && npx hardhat run scripts/deploy-local.ts --ne
twork localhost[] 
 []

[53

]
Overfull \hbox (1.16023pt too wide) in paragraph at lines 44--44
[]\OT1/cmtt/m/n/12 cargo run --manifest-path submitter/Cargo.toml --bin submitt
er -- \[] 
 []

) (./chapters/appendices/benchmark_guide.tex [54]
Appendix C.
) (./chapters/appendices/configuration_reference.tex [55

]
Appendix D.
(/usr/share/texlive/texmf-dist/tex/latex/listings/lstlang1.sty
File: lstlang1.sty 2023/02/27 1.9 listings language file
)
(/usr/share/texlive/texmf-dist/tex/latex/listings/lstlang1.sty
File: lstlang1.sty 2023/02/27 1.9 listings language file
)
Overfull \hbox (14.86455pt too wide) in paragraph at lines 39--39
[]|\OT1/cmtt/m/n/10.95 timeout[]interval[]ms| 
 []


Underfull \hbox (badness 1584) in paragraph at lines 39--39
[]|\OT1/ptm/m/n/10.95 Triggers a batch seal if the
 []


Underfull \hbox (badness 3375) in paragraph at lines 39--39
[]|\OT1/ptm/m/n/10.95 Swaps the L1 data post-ing
 []


Underfull \hbox (badness 1325) in paragraph at lines 39--39
\OT1/ptm/m/n/10.95 mech-a-nism be-tween stan-dard
 []

) (./chapters/appendices/metrics_schema.tex [56

]
Appendix E.
) (./chapters/appendices/algorithms.tex [57

]
Appendix F.

Overfull \hbox (1.16023pt too wide) in paragraph at lines 26--26
[]    \OT1/cmtt/m/n/12 // Pull transactions from the pool ordered by the active
 policy[] 
 []


Overfull \hbox (118.48529pt too wide) in paragraph at lines 26--26
[]    \OT1/cmtt/m/n/12 if current_batch_txs.length >= max_batch_size OR time_el
apsed >= timeout_interval:[] 
 []

)) [58

] (./final_report_main.aux (./chapters/chap1_introduction.aux)
(./chapters/chap2_literature_review.aux) (./chapters/chap3_methodology.aux)
(./chapters/chap4_implementation.aux) (./chapters/chap5_evaluation.aux)
(./chapters/chap6_conclusion.aux) (./chapters/appendices.aux))
 ***********
LaTeX2e <2023-11-01> patch level 1
L3 programming layer <2024-01-22>
 ***********


LaTeX Warning: There were undefined references.

Package rerunfilecheck Info: File `final_report_main.out' has not changed.
(rerunfilecheck)             Checksum: 3C095592ECCE1AB1C1ACD0B2996D5AF7;23015.
 ) 
Here is how much of TeX's memory you used:
 15560 strings out of 476182
 270672 string characters out of 5795595
 1956975 words of memory out of 5000000
 36735 multiletter control sequences out of 15000+600000
 590207 words of font info for 100 fonts, out of 8000000 for 9000
 14 hyphenation exceptions out of 8191
 75i,11n,104p,1252b,1389s stack positions out of 10000i,1000n,20000p,200000b,200000s
</usr/share/texlive/texmf-dist/fonts/type1/public/amsfonts/cm/cmex10.pfb></us
r/share/texlive/texmf-dist/fonts/type1/public/amsfonts/cm/cmmi10.pfb></usr/shar
e/texlive/texmf-dist/fonts/type1/public/amsfonts/cm/cmr10.pfb></usr/share/texli
ve/texmf-dist/fonts/type1/public/amsfonts/cm/cmsy10.pfb></usr/share/texlive/tex
mf-dist/fonts/type1/public/amsfonts/cm/cmtt10.pfb></usr/share/texlive/texmf-dis
t/fonts/type1/public/amsfonts/cm/cmtt12.pfb></usr/share/texlive/texmf-dist/font
s/type1/urw/times/utmb8a.pfb></usr/share/texlive/texmf-dist/fonts/type1/urw/tim
es/utmr8a.pfb></usr/share/texlive/texmf-dist/fonts/type1/urw/times/utmri8a.pfb>

Output written on final_report_main.pdf (71 pages, 268951 bytes).
PDF statistics:
 1239 PDF objects out of 1440 (max. 8388607)
 1106 compressed objects within 12 object streams
 277 named destinations out of 1000 (max. 500000)
 953 words of extra memory for PDF output out of 10000 (max. 10000000)

