\BOOKMARK [0][-]{section*.2}{\376\377\000D\000e\000c\000l\000a\000r\000a\000t\000i\000o\000n\000\040\000o\000f\000\040\000t\000h\000e\000\040\000C\000a\000n\000d\000i\000d\000a\000t\000e\000s\000\040\000a\000n\000d\000\040\000S\000u\000p\000e\000r\000v\000i\000s\000o\000r}{}% 1
\BOOKMARK [0][-]{section*.3}{\376\377\000A\000b\000s\000t\000r\000a\000c\000t}{}% 2
\BOOKMARK [0][-]{section*.5}{\376\377\000A\000c\000k\000n\000o\000w\000l\000e\000d\000g\000e\000m\000e\000n\000t\000s}{}% 3
\BOOKMARK [0][-]{section*.6}{\376\377\000T\000a\000b\000l\000e\000\040\000o\000f\000\040\000C\000o\000n\000t\000e\000n\000t\000s}{}% 4
\BOOKMARK [0][-]{section*.8}{\376\377\000L\000i\000s\000t\000\040\000o\000f\000\040\000F\000i\000g\000u\000r\000e\000s}{}% 5
\BOOKMARK [0][-]{section*.10}{\376\377\000L\000i\000s\000t\000\040\000o\000f\000\040\000T\000a\000b\000l\000e\000s}{}% 6
\BOOKMARK [0][-]{section*.13}{\376\377\000L\000i\000s\000t\000\040\000o\000f\000\040\000A\000b\000b\000r\000e\000v\000i\000a\000t\000i\000o\000n\000s}{}% 7
\BOOKMARK [0][-]{section*.15}{\376\377\000L\000i\000s\000t\000\040\000o\000f\000\040\000A\000p\000p\000e\000n\000d\000i\000c\000e\000s}{}% 8
\BOOKMARK [0][-]{chapter.1}{\376\377\000I\000n\000t\000r\000o\000d\000u\000c\000t\000i\000o\000n}{}% 9
\BOOKMARK [1][-]{section.1.1}{\376\377\000B\000l\000o\000c\000k\000c\000h\000a\000i\000n\000\040\000F\000u\000n\000d\000a\000m\000e\000n\000t\000a\000l\000s}{chapter.1}% 10
\BOOKMARK [2][-]{subsection.1.1.1}{\376\377\000B\000l\000o\000c\000k\000c\000h\000a\000i\000n\000\040\000S\000t\000r\000u\000c\000t\000u\000r\000e}{section.1.1}% 11
\BOOKMARK [2][-]{subsection.1.1.2}{\376\377\000C\000o\000n\000s\000e\000n\000s\000u\000s\000\040\000P\000r\000o\000t\000o\000c\000o\000l\000s}{section.1.1}% 12
\BOOKMARK [2][-]{subsection.1.1.3}{\376\377\000B\000l\000o\000c\000k\000c\000h\000a\000i\000n\000\040\000T\000y\000p\000e\000s}{section.1.1}% 13
\BOOKMARK [2][-]{subsection.1.1.4}{\376\377\000S\000c\000a\000l\000a\000b\000i\000l\000i\000t\000y\000\040\000M\000e\000t\000r\000i\000c\000s}{section.1.1}% 14
\BOOKMARK [2][-]{subsection.1.1.5}{\376\377\000T\000h\000e\000\040\000B\000l\000o\000c\000k\000c\000h\000a\000i\000n\000\040\000T\000r\000i\000l\000e\000m\000m\000a}{section.1.1}% 15
\BOOKMARK [2][-]{subsection.1.1.6}{\376\377\000T\000h\000e\000\040\000B\000l\000o\000c\000k\000c\000h\000a\000i\000n\000\040\000Q\000u\000a\000d\000r\000i\000l\000e\000m\000m\000a}{section.1.1}% 16
\BOOKMARK [2][-]{subsection.1.1.7}{\376\377\000E\000t\000h\000e\000r\000e\000u\000m\000\040\000S\000c\000a\000l\000a\000b\000i\000l\000i\000t\000y\000\040\000L\000i\000m\000i\000t\000a\000t\000i\000o\000n\000s}{section.1.1}% 17
\BOOKMARK [1][-]{section.1.2}{\376\377\000L\000a\000y\000e\000r\000-\0001\000\040\000v\000s\000.\000\040\000L\000a\000y\000e\000r\000-\0002\000\040\000S\000c\000a\000l\000i\000n\000g}{chapter.1}% 18
\BOOKMARK [1][-]{section.1.3}{\376\377\000R\000o\000l\000l\000u\000p\000s\000\040\000a\000n\000d\000\040\000Z\000K\000-\000R\000o\000l\000l\000u\000p\000s}{chapter.1}% 19
\BOOKMARK [2][-]{subsection.1.3.1}{\376\377\000Z\000e\000r\000o\000-\000K\000n\000o\000w\000l\000e\000d\000g\000e\000\040\000P\000r\000o\000o\000f\000s}{section.1.3}% 20
\BOOKMARK [2][-]{subsection.1.3.2}{\376\377\000z\000k\000-\000S\000N\000A\000R\000K\000s\000,\000\040\000z\000k\000-\000S\000T\000A\000R\000K\000s\000,\000\040\000a\000n\000d\000\040\000R\000I\000S\000C\000\040\000Z\000e\000r\000o}{section.1.3}% 21
\BOOKMARK [1][-]{section.1.4}{\376\377\000D\000a\000t\000a\000\040\000A\000v\000a\000i\000l\000a\000b\000i\000l\000i\000t\000y\000\040\000\050\000D\000A\000\051}{chapter.1}% 22
\BOOKMARK [1][-]{section.1.5}{\376\377\000M\000o\000t\000i\000v\000a\000t\000i\000o\000n}{chapter.1}% 23
\BOOKMARK [1][-]{section.1.6}{\376\377\000P\000r\000o\000b\000l\000e\000m\000\040\000S\000t\000a\000t\000e\000m\000e\000n\000t}{chapter.1}% 24
\BOOKMARK [1][-]{section.1.7}{\376\377\000R\000e\000s\000e\000a\000r\000c\000h\000\040\000Q\000u\000e\000s\000t\000i\000o\000n\000s}{chapter.1}% 25
\BOOKMARK [1][-]{section.1.8}{\376\377\000R\000e\000s\000e\000a\000r\000c\000h\000\040\000O\000b\000j\000e\000c\000t\000i\000v\000e\000s}{chapter.1}% 26
\BOOKMARK [2][-]{subsection.1.8.1}{\376\377\000M\000a\000p\000p\000i\000n\000g\000\040\000R\000e\000s\000e\000a\000r\000c\000h\000\040\000O\000b\000j\000e\000c\000t\000i\000v\000e\000s\000\040\000t\000o\000\040\000E\000v\000a\000l\000u\000a\000t\000i\000o\000n\000\040\000M\000e\000t\000r\000i\000c\000s}{section.1.8}% 27
\BOOKMARK [1][-]{section.1.9}{\376\377\000P\000r\000o\000j\000e\000c\000t\000\040\000S\000c\000o\000p\000e\000\040\000a\000n\000d\000\040\000A\000s\000s\000u\000m\000p\000t\000i\000o\000n\000s}{chapter.1}% 28
\BOOKMARK [2][-]{subsection.1.9.1}{\376\377\000R\000e\000s\000e\000a\000r\000c\000h\000\040\000Q\000u\000e\000s\000t\000i\000o\000n\000\040\000M\000a\000p\000p\000i\000n\000g}{section.1.9}% 29
\BOOKMARK [1][-]{section.1.10}{\376\377\000C\000o\000n\000t\000r\000i\000b\000u\000t\000i\000o\000n\000s}{chapter.1}% 30
\BOOKMARK [1][-]{section.1.11}{\376\377\000D\000o\000c\000u\000m\000e\000n\000t\000\040\000S\000t\000r\000u\000c\000t\000u\000r\000e}{chapter.1}% 31
\BOOKMARK [0][-]{chapter.2}{\376\377\000L\000i\000t\000e\000r\000a\000t\000u\000r\000e\000\040\000R\000e\000v\000i\000e\000w}{}% 32
\BOOKMARK [1][-]{section.2.1}{\376\377\000B\000r\000o\000a\000d\000\040\000S\000c\000a\000l\000a\000b\000i\000l\000i\000t\000y\000\040\000T\000a\000x\000o\000n\000o\000m\000y}{chapter.2}% 33
\BOOKMARK [2][-]{subsection.2.1.1}{\376\377\000W\000r\000i\000t\000e\000-\000P\000e\000r\000f\000o\000r\000m\000a\000n\000c\000e\000\040\000S\000c\000a\000l\000a\000b\000i\000l\000i\000t\000y}{section.2.1}% 34
\BOOKMARK [2][-]{subsection.2.1.2}{\376\377\000R\000e\000a\000d\000-\000P\000e\000r\000f\000o\000r\000m\000a\000n\000c\000e\000\040\000S\000c\000a\000l\000a\000b\000i\000l\000i\000t\000y}{section.2.1}% 35
\BOOKMARK [2][-]{subsection.2.1.3}{\376\377\000S\000t\000o\000r\000a\000g\000e\000\040\000S\000c\000a\000l\000a\000b\000i\000l\000i\000t\000y}{section.2.1}% 36
\BOOKMARK [1][-]{section.2.2}{\376\377\000Z\000K\000-\000R\000o\000l\000l\000u\000p\000\040\000B\000o\000t\000t\000l\000e\000n\000e\000c\000k\000\040\000R\000e\000s\000e\000a\000r\000c\000h}{chapter.2}% 37
\BOOKMARK [2][-]{subsection.2.2.1}{\376\377\000S\000e\000q\000u\000e\000n\000c\000e\000r\000\040\000P\000o\000l\000i\000c\000i\000e\000s\000\040\000a\000n\000d\000\040\000B\000a\000t\000c\000h\000i\000n\000g}{section.2.2}% 38
\BOOKMARK [2][-]{subsection.2.2.2}{\376\377\000P\000r\000o\000v\000e\000r\000\040\000O\000v\000e\000r\000h\000e\000a\000d}{section.2.2}% 39
\BOOKMARK [2][-]{subsection.2.2.3}{\376\377\000D\000a\000t\000a\000\040\000A\000v\000a\000i\000l\000a\000b\000i\000l\000i\000t\000y\000\040\000\050\000D\000A\000\051\000\040\000D\000y\000n\000a\000m\000i\000c\000s}{section.2.2}% 40
\BOOKMARK [2][-]{subsection.2.2.4}{\376\377\000S\000u\000m\000m\000a\000r\000y\000\040\000o\000f\000\040\000E\000x\000i\000s\000t\000i\000n\000g\000\040\000L\000i\000t\000e\000r\000a\000t\000u\000r\000e}{section.2.2}% 41
\BOOKMARK [1][-]{section.2.3}{\376\377\000R\000o\000l\000l\000u\000p\000\040\000B\000e\000n\000c\000h\000m\000a\000r\000k\000i\000n\000g\000\040\000a\000n\000d\000\040\000P\000u\000b\000l\000i\000c\000\040\000D\000a\000t\000a\000s\000e\000t\000s}{chapter.2}% 42
\BOOKMARK [1][-]{section.2.4}{\376\377\000S\000y\000n\000t\000h\000e\000s\000i\000s\000\040\000a\000n\000d\000\040\000P\000o\000s\000i\000t\000i\000o\000n\000i\000n\000g\000\040\000o\000f\000\040\000T\000h\000i\000s\000\040\000W\000o\000r\000k}{chapter.2}% 43
\BOOKMARK [0][-]{chapter.3}{\376\377\000M\000e\000t\000h\000o\000d\000o\000l\000o\000g\000y\000\040\000/\000\040\000S\000y\000s\000t\000e\000m\000\040\000D\000e\000s\000i\000g\000n}{}% 44
\BOOKMARK [1][-]{section.3.1}{\376\377\000H\000i\000g\000h\000-\000L\000e\000v\000e\000l\000\040\000A\000r\000c\000h\000i\000t\000e\000c\000t\000u\000r\000e\000\040\000O\000v\000e\000r\000v\000i\000e\000w}{chapter.3}% 45
\BOOKMARK [2][-]{subsection.3.1.1}{\376\377\000P\000r\000o\000t\000o\000t\000y\000p\000e\000\040\000v\000s\000.\000\040\000P\000r\000o\000d\000u\000c\000t\000i\000o\000n\000\040\000R\000o\000l\000l\000u\000p\000\040\000C\000o\000m\000p\000a\000r\000i\000s\000o\000n}{section.3.1}% 46
\BOOKMARK [1][-]{section.3.2}{\376\377\000T\000r\000a\000n\000s\000a\000c\000t\000i\000o\000n\000\040\000L\000i\000f\000e\000c\000y\000c\000l\000e\000\040\000a\000n\000d\000\040\000D\000a\000t\000a\000\040\000F\000l\000o\000w}{chapter.3}% 47
\BOOKMARK [1][-]{section.3.3}{\376\377\000C\000o\000m\000p\000o\000n\000e\000n\000t\000\040\000I\000n\000t\000e\000r\000a\000c\000t\000i\000o\000n\000s}{chapter.3}% 48
\BOOKMARK [1][-]{section.3.4}{\376\377\000D\000a\000t\000a\000\040\000F\000l\000o\000w\000\040\000a\000n\000d\000\040\000C\000o\000n\000t\000r\000o\000l\000\040\000F\000l\000o\000w}{chapter.3}% 49
\BOOKMARK [1][-]{section.3.5}{\376\377\000D\000e\000s\000i\000g\000n\000\040\000R\000a\000t\000i\000o\000n\000a\000l\000e}{chapter.3}% 50
\BOOKMARK [1][-]{section.3.6}{\376\377\000P\000r\000o\000t\000o\000t\000y\000p\000e\000\040\000v\000s\000.\000\040\000P\000r\000o\000d\000u\000c\000t\000i\000o\000n\000\040\000D\000i\000s\000t\000i\000n\000c\000t\000i\000o\000n\000s}{chapter.3}% 51
\BOOKMARK [1][-]{section.3.7}{\376\377\000R\000e\000s\000e\000a\000r\000c\000h\000\040\000D\000e\000s\000i\000g\000n}{chapter.3}% 52
\BOOKMARK [1][-]{section.3.8}{\376\377\000W\000o\000r\000k\000l\000o\000a\000d\000\040\000M\000o\000d\000e\000l}{chapter.3}% 53
\BOOKMARK [2][-]{subsection.3.8.1}{\376\377\000W\000h\000y\000\040\000a\000\040\000L\000o\000c\000a\000l\000\040\000H\000a\000r\000d\000h\000a\000t\000\040\000N\000o\000d\000e\000\040\000a\000n\000d\000\040\000M\000o\000c\000k\000\040\000P\000r\000o\000v\000e\000r\000\040\000A\000r\000e\000\040\000U\000s\000e\000d}{section.3.8}% 54
\BOOKMARK [1][-]{section.3.9}{\376\377\000C\000o\000n\000f\000i\000g\000u\000r\000a\000t\000i\000o\000n\000\040\000S\000p\000a\000c\000e\000s}{chapter.3}% 55
\BOOKMARK [2][-]{subsection.3.9.1}{\376\377\000B\000a\000t\000c\000h\000i\000n\000g\000\040\000P\000o\000l\000i\000c\000y\000\040\000S\000p\000a\000c\000e}{section.3.9}% 56
\BOOKMARK [2][-]{subsection.3.9.2}{\376\377\000S\000e\000q\000u\000e\000n\000c\000i\000n\000g\000\040\000P\000o\000l\000i\000c\000y\000\040\000S\000p\000a\000c\000e}{section.3.9}% 57
\BOOKMARK [2][-]{subsection.3.9.3}{\376\377\000D\000a\000t\000a\000\040\000A\000v\000a\000i\000l\000a\000b\000i\000l\000i\000t\000y\000\040\000M\000o\000d\000e\000s}{section.3.9}% 58
\BOOKMARK [1][-]{section.3.10}{\376\377\000A\000n\000a\000l\000y\000t\000i\000c\000a\000l\000\040\000C\000o\000s\000t\000\040\000M\000o\000d\000e\000l}{chapter.3}% 59
\BOOKMARK [1][-]{section.3.11}{\376\377\000E\000v\000a\000l\000u\000a\000t\000i\000o\000n\000\040\000M\000e\000t\000r\000i\000c\000s}{chapter.3}% 60
\BOOKMARK [1][-]{section.3.12}{\376\377\000E\000x\000p\000e\000r\000i\000m\000e\000n\000t\000a\000l\000\040\000P\000r\000o\000c\000e\000d\000u\000r\000e\000\040\000a\000n\000d\000\040\000H\000y\000p\000o\000t\000h\000e\000s\000e\000s}{chapter.3}% 61
\BOOKMARK [0][-]{chapter.4}{\376\377\000I\000m\000p\000l\000e\000m\000e\000n\000t\000a\000t\000i\000o\000n}{}% 62
\BOOKMARK [1][-]{section.4.1}{\376\377\000I\000m\000p\000l\000e\000m\000e\000n\000t\000a\000t\000i\000o\000n\000\040\000O\000v\000e\000r\000v\000i\000e\000w}{chapter.4}% 63
\BOOKMARK [1][-]{section.4.2}{\376\377\000W\000o\000r\000k\000l\000o\000a\000d\000\040\000G\000e\000n\000e\000r\000a\000t\000o\000r}{chapter.4}% 64
\BOOKMARK [1][-]{section.4.3}{\376\377\000S\000e\000q\000u\000e\000n\000c\000e\000r}{chapter.4}% 65
\BOOKMARK [1][-]{section.4.4}{\376\377\000E\000x\000e\000c\000u\000t\000o\000r}{chapter.4}% 66
\BOOKMARK [1][-]{section.4.5}{\376\377\000P\000r\000o\000v\000e\000r\000\040\000a\000n\000d\000\040\000B\000e\000n\000c\000h\000m\000a\000r\000k\000-\000M\000o\000d\000e\000\040\000D\000e\000l\000a\000y}{chapter.4}% 67
\BOOKMARK [1][-]{section.4.6}{\376\377\000S\000u\000b\000m\000i\000t\000t\000e\000r}{chapter.4}% 68
\BOOKMARK [1][-]{section.4.7}{\376\377\000S\000m\000a\000r\000t\000\040\000C\000o\000n\000t\000r\000a\000c\000t\000s}{chapter.4}% 69
\BOOKMARK [1][-]{section.4.8}{\376\377\000S\000t\000a\000t\000e\000\040\000S\000y\000n\000c\000h\000r\000o\000n\000i\000z\000a\000t\000i\000o\000n\000\040\000a\000n\000d\000\040\000N\000o\000n\000c\000e\000\040\000H\000a\000n\000d\000l\000i\000n\000g}{chapter.4}% 70
\BOOKMARK [1][-]{section.4.9}{\376\377\000B\000e\000n\000c\000h\000m\000a\000r\000k\000i\000n\000g\000\040\000a\000n\000d\000\040\000D\000a\000t\000a\000\040\000C\000o\000l\000l\000e\000c\000t\000i\000o\000n\000\040\000T\000o\000o\000l\000s}{chapter.4}% 71
\BOOKMARK [1][-]{section.4.10}{\376\377\000D\000a\000t\000a\000\040\000T\000o\000o\000l\000s}{chapter.4}% 72
\BOOKMARK [1][-]{section.4.11}{\376\377\000C\000o\000n\000f\000i\000g\000u\000r\000a\000t\000i\000o\000n\000\040\000M\000a\000n\000a\000g\000e\000m\000e\000n\000t}{chapter.4}% 73
\BOOKMARK [1][-]{section.4.12}{\376\377\000L\000o\000g\000g\000i\000n\000g\000\040\000a\000n\000d\000\040\000M\000e\000t\000r\000i\000c\000s}{chapter.4}% 74
\BOOKMARK [1][-]{section.4.13}{\376\377\000I\000n\000t\000e\000g\000r\000a\000t\000i\000o\000n\000\040\000C\000h\000a\000l\000l\000e\000n\000g\000e\000s}{chapter.4}% 75
\BOOKMARK [1][-]{section.4.14}{\376\377\000D\000e\000v\000e\000l\000o\000p\000m\000e\000n\000t\000\040\000C\000h\000a\000l\000l\000e\000n\000g\000e\000s}{chapter.4}% 76
\BOOKMARK [0][-]{chapter.5}{\376\377\000E\000v\000a\000l\000u\000a\000t\000i\000o\000n\000\040\000a\000n\000d\000\040\000R\000e\000s\000u\000l\000t\000s}{}% 77
\BOOKMARK [1][-]{section.5.1}{\376\377\000E\000n\000v\000i\000r\000o\000n\000m\000e\000n\000t\000\040\000a\000n\000d\000\040\000O\000r\000c\000h\000e\000s\000t\000r\000a\000t\000i\000o\000n}{chapter.5}% 78
\BOOKMARK [2][-]{subsection.5.1.1}{\376\377\000L\000o\000c\000a\000l\000\040\000L\0001\000\040\000C\000o\000n\000f\000i\000g\000u\000r\000a\000t\000i\000o\000n}{section.5.1}% 79
\BOOKMARK [1][-]{section.5.2}{\376\377\000S\000o\000f\000t\000w\000a\000r\000e\000\040\000S\000t\000a\000c\000k}{chapter.5}% 80
\BOOKMARK [2][-]{subsection.5.2.1}{\376\377\000L\0001\000\040\000N\000e\000t\000w\000o\000r\000k\000\040\000C\000o\000n\000f\000i\000g\000u\000r\000a\000t\000i\000o\000n}{section.5.2}% 81
\BOOKMARK [1][-]{section.5.3}{\376\377\000C\000o\000n\000f\000i\000g\000u\000r\000a\000t\000i\000o\000n\000s\000\040\000a\000n\000d\000\040\000E\000x\000p\000e\000r\000i\000m\000e\000n\000t\000a\000l\000\040\000V\000a\000r\000i\000a\000b\000l\000e\000s}{chapter.5}% 82
\BOOKMARK [1][-]{section.5.4}{\376\377\000B\000e\000n\000c\000h\000m\000a\000r\000k\000\040\000S\000c\000e\000n\000a\000r\000i\000o\000s}{chapter.5}% 83
\BOOKMARK [1][-]{section.5.5}{\376\377\000M\000e\000t\000r\000i\000c\000s\000\040\000C\000o\000l\000l\000e\000c\000t\000i\000o\000n}{chapter.5}% 84
\BOOKMARK [1][-]{section.5.6}{\376\377\000R\000e\000p\000r\000o\000d\000u\000c\000i\000b\000i\000l\000i\000t\000y\000\040\000S\000e\000t\000u\000p}{chapter.5}% 85
\BOOKMARK [2][-]{subsection.5.6.1}{\376\377\000O\000v\000e\000r\000v\000i\000e\000w\000\040\000o\000f\000\040\000E\000v\000a\000l\000u\000a\000t\000i\000o\000n\000\040\000S\000t\000a\000g\000e\000s}{section.5.6}% 86
\BOOKMARK [2][-]{subsection.5.6.2}{\376\377\000U\000n\000s\000u\000p\000p\000o\000r\000t\000e\000d\000\040\000a\000n\000d\000\040\000I\000n\000c\000o\000n\000c\000l\000u\000s\000i\000v\000e\000\040\000F\000i\000n\000d\000i\000n\000g\000s}{section.5.6}% 87
\BOOKMARK [1][-]{section.5.7}{\376\377\000E\000f\000f\000e\000c\000t\000\040\000o\000f\000\040\000B\000a\000t\000c\000h\000\040\000S\000i\000z\000e\000\040\000o\000n\000\040\000L\000a\000t\000e\000n\000c\000y\000\040\000a\000n\000d\000\040\000C\000o\000s\000t\000\040\000\050\000S\000t\000a\000g\000e\000\040\0001\000\051}{chapter.5}% 88
\BOOKMARK [1][-]{section.5.8}{\376\377\000C\000o\000s\000t\000\040\000A\000m\000o\000r\000t\000i\000z\000a\000t\000i\000o\000n}{chapter.5}% 89
\BOOKMARK [1][-]{section.5.9}{\376\377\000Q\000u\000e\000u\000e\000i\000n\000g\000\040\000L\000a\000t\000e\000n\000c\000y\000\040\000\050\000S\000o\000f\000t\000\040\000F\000i\000n\000a\000l\000i\000t\000y\000\051}{chapter.5}% 90
\BOOKMARK [1][-]{section.5.10}{\376\377\000T\000h\000r\000o\000u\000g\000h\000p\000u\000t\000\040\000R\000e\000s\000u\000l\000t\000s\000\040\000a\000n\000d\000\040\000C\000o\000n\000f\000i\000g\000u\000r\000a\000t\000i\000o\000n\000\040\000A\000n\000o\000m\000a\000l\000i\000e\000s}{chapter.5}% 91
\BOOKMARK [2][-]{subsection.5.10.1}{\376\377\000A\000d\000a\000p\000t\000i\000v\000e\000\040\000B\000a\000t\000c\000h\000i\000n\000g\000\040\000F\000a\000i\000l\000u\000r\000e\000s\000\040\000\050\000S\000t\000a\000g\000e\000\040\0002\000\051}{section.5.10}% 92
\BOOKMARK [2][-]{subsection.5.10.2}{\376\377\000S\000e\000q\000u\000e\000n\000c\000e\000r\000\040\000S\000c\000h\000e\000d\000u\000l\000i\000n\000g\000\040\000a\000n\000d\000\040\000N\000o\000n\000c\000e\000\040\000O\000r\000d\000e\000r\000i\000n\000g\000\040\000\050\000S\000t\000a\000g\000e\000\040\0003\000\051}{section.5.10}% 93
\BOOKMARK [1][-]{section.5.11}{\376\377\000D\000a\000t\000a\000\040\000A\000v\000a\000i\000l\000a\000b\000i\000l\000i\000t\000y\000\040\000M\000o\000d\000e\000\040\000E\000f\000f\000i\000c\000i\000e\000n\000c\000y\000\040\000\050\000S\000t\000a\000g\000e\000\040\0004\000\051}{chapter.5}% 94
\BOOKMARK [1][-]{section.5.12}{\376\377\000P\000r\000o\000v\000e\000r\000\040\000B\000a\000c\000k\000e\000n\000d\000\040\000a\000n\000d\000\040\000R\000e\000a\000l\000\040\000P\000r\000o\000o\000f\000\040\000B\000e\000h\000a\000v\000i\000o\000r\000\040\000\050\000S\000t\000a\000g\000e\000\040\0005\000\051}{chapter.5}% 95
\BOOKMARK [2][-]{subsection.5.12.1}{\376\377\000F\000i\000n\000a\000l\000i\000z\000a\000t\000i\000o\000n\000\040\000T\000i\000m\000e\000\040\000\050\000H\000a\000r\000d\000\040\000F\000i\000n\000a\000l\000i\000t\000y\000\051}{section.5.12}% 96
\BOOKMARK [2][-]{subsection.5.12.2}{\376\377\000Q\000u\000e\000u\000e\000\040\000B\000a\000c\000k\000p\000r\000e\000s\000s\000u\000r\000e}{section.5.12}% 97
\BOOKMARK [1][-]{section.5.13}{\376\377\000S\000u\000m\000m\000a\000r\000y\000\040\000o\000f\000\040\000V\000a\000l\000i\000d\000a\000t\000e\000d\000\040\000F\000i\000n\000d\000i\000n\000g\000s}{chapter.5}% 98
\BOOKMARK [1][-]{section.5.14}{\376\377\000A\000n\000s\000w\000e\000r\000i\000n\000g\000\040\000t\000h\000e\000\040\000R\000e\000s\000e\000a\000r\000c\000h\000\040\000Q\000u\000e\000s\000t\000i\000o\000n\000s}{chapter.5}% 99
\BOOKMARK [2][-]{subsection.5.14.1}{\376\377\000R\000Q\0001\000:\000\040\000I\000m\000p\000a\000c\000t\000\040\000o\000f\000\040\000B\000a\000t\000c\000h\000\040\000S\000i\000z\000e\000\040\000o\000n\000\040\000P\000e\000r\000f\000o\000r\000m\000a\000n\000c\000e\000\040\000a\000n\000d\000\040\000C\000o\000s\000t}{section.5.14}% 100
\BOOKMARK [2][-]{subsection.5.14.2}{\376\377\000R\000Q\0002\000:\000\040\000I\000m\000p\000a\000c\000t\000\040\000o\000f\000\040\000S\000e\000q\000u\000e\000n\000c\000e\000r\000\040\000S\000c\000h\000e\000d\000u\000l\000i\000n\000g\000\040\000P\000o\000l\000i\000c\000i\000e\000s}{section.5.14}% 101
\BOOKMARK [2][-]{subsection.5.14.3}{\376\377\000R\000Q\0003\000:\000\040\000C\000o\000s\000t\000\040\000I\000m\000p\000l\000i\000c\000a\000t\000i\000o\000n\000s\000\040\000o\000f\000\040\000D\000a\000t\000a\000\040\000A\000v\000a\000i\000l\000a\000b\000i\000l\000i\000t\000y\000\040\000M\000e\000c\000h\000a\000n\000i\000s\000m\000s}{section.5.14}% 102
\BOOKMARK [2][-]{subsection.5.14.4}{\376\377\000R\000Q\0004\000:\000\040\000P\000r\000a\000c\000t\000i\000c\000a\000l\000\040\000B\000o\000t\000t\000l\000e\000n\000e\000c\000k\000s\000\040\000i\000n\000\040\000I\000m\000p\000l\000e\000m\000e\000n\000t\000a\000t\000i\000o\000n}{section.5.14}% 103
\BOOKMARK [1][-]{section.5.15}{\376\377\000T\000h\000e\000\040\000T\000h\000r\000o\000u\000g\000h\000p\000u\000t\040\023\000L\000a\000t\000e\000n\000c\000y\040\023\000C\000o\000s\000t\000\040\000T\000r\000a\000d\000e\000-\000o\000f\000f}{chapter.5}% 104
\BOOKMARK [1][-]{section.5.16}{\376\377\000B\000a\000t\000c\000h\000i\000n\000g\000\040\000D\000y\000n\000a\000m\000i\000c\000s\000\040\000a\000n\000d\000\040\000O\000u\000t\000l\000i\000e\000r\000s}{chapter.5}% 105
\BOOKMARK [2][-]{subsection.5.16.1}{\376\377\000R\000Q\0003\000:\000\040\000D\000a\000t\000a\000\040\000A\000v\000a\000i\000l\000a\000b\000i\000l\000i\000t\000y\000\040\000I\000m\000p\000l\000i\000c\000a\000t\000i\000o\000n\000s}{section.5.16}% 106
\BOOKMARK [2][-]{subsection.5.16.2}{\376\377\000R\000Q\0001\000:\000\040\000I\000m\000p\000a\000c\000t\000\040\000o\000f\000\040\000B\000a\000t\000c\000h\000\040\000S\000i\000z\000e\000\040\000o\000n\000\040\000C\000o\000s\000t\000\040\000a\000n\000d\000\040\000L\000a\000t\000e\000n\000c\000y}{section.5.16}% 107
\BOOKMARK [1][-]{section.5.17}{\376\377\000D\000e\000s\000i\000g\000n\000\040\000I\000m\000p\000l\000i\000c\000a\000t\000i\000o\000n\000s\000\040\000a\000n\000d\000\040\000T\000r\000a\000d\000e\000-\000o\000f\000f\000s}{chapter.5}% 108
\BOOKMARK [2][-]{subsection.5.17.1}{\376\377\000R\000Q\0004\000:\000\040\000P\000r\000a\000c\000t\000i\000c\000a\000l\000\040\000B\000o\000t\000t\000l\000e\000n\000e\000c\000k\000s\000\040\000a\000n\000d\000\040\000T\000r\000a\000d\000e\000-\000o\000f\000f\000s}{section.5.17}% 109
\BOOKMARK [0][-]{chapter.6}{\376\377\000C\000o\000n\000c\000l\000u\000s\000i\000o\000n\000s\000\040\000a\000n\000d\000\040\000R\000e\000c\000o\000m\000m\000e\000n\000d\000a\000t\000i\000o\000n\000s}{}% 110
\BOOKMARK [1][-]{section.6.1}{\376\377\000C\000o\000n\000c\000l\000u\000s\000i\000o\000n}{chapter.6}% 111
\BOOKMARK [1][-]{section.6.2}{\376\377\000F\000u\000t\000u\000r\000e\000\040\000W\000o\000r\000k}{chapter.6}% 112
\BOOKMARK [0][-]{section*.43}{\376\377\000R\000e\000f\000e\000r\000e\000n\000c\000e\000\040\000L\000i\000s\000t}{}% 113
\BOOKMARK [0][-]{appendix.A}{\376\377\000R\000e\000p\000o\000s\000i\000t\000o\000r\000y\000\040\000S\000t\000r\000u\000c\000t\000u\000r\000e}{}% 114
\BOOKMARK [0][-]{appendix.B}{\376\377\000B\000u\000i\000l\000d\000\040\000a\000n\000d\000\040\000R\000u\000n\000\040\000G\000u\000i\000d\000e}{}% 115
\BOOKMARK [0][-]{appendix.C}{\376\377\000B\000e\000n\000c\000h\000m\000a\000r\000k\000\040\000E\000x\000e\000c\000u\000t\000i\000o\000n\000\040\000G\000u\000i\000d\000e}{}% 116
\BOOKMARK [0][-]{appendix.D}{\376\377\000C\000o\000n\000f\000i\000g\000u\000r\000a\000t\000i\000o\000n\000\040\000R\000e\000f\000e\000r\000e\000n\000c\000e}{}% 117
\BOOKMARK [0][-]{appendix.E}{\376\377\000M\000e\000t\000r\000i\000c\000s\000\040\000O\000u\000t\000p\000u\000t\000\040\000S\000c\000h\000e\000m\000a}{}% 118
\BOOKMARK [0][-]{appendix.F}{\376\377\000I\000m\000p\000o\000r\000t\000a\000n\000t\000\040\000A\000l\000g\000o\000r\000i\000t\000h\000m\000s}{}% 119
\BOOKMARK [1][-]{lstnumber.-6.20}{\376\377\000G\000a\000n\000t\000t\000\040\000C\000h\000a\000r\000t}{appendix.F}% 120
\BOOKMARK [1][-]{figure.caption.48}{\376\377\000W\000o\000r\000k\000l\000o\000a\000d\000\040\000C\000a\000l\000c\000u\000l\000a\000t\000i\000o\000n}{appendix.F}% 121
