\BOOKMARK [1][-]{section.1}{\376\377\000I\000n\000t\000r\000o\000d\000u\000c\000t\000i\000o\000n}{}% 1
\BOOKMARK [2][-]{subsection.1.1}{\376\377\000M\000o\000t\000i\000v\000a\000t\000i\000o\000n}{section.1}% 2
\BOOKMARK [2][-]{subsection.1.2}{\376\377\000B\000a\000c\000k\000g\000r\000o\000u\000n\000d}{section.1}% 3
\BOOKMARK [3][-]{subsubsection.1.2.1}{\376\377\000I\000n\000t\000r\000o\000d\000u\000c\000t\000i\000o\000n\000\040\000t\000o\000\040\000B\000l\000o\000c\000k\000c\000h\000a\000i\000n\000\040\000T\000e\000c\000h\000n\000o\000l\000o\000g\000y}{subsection.1.2}% 4
\BOOKMARK [0][-]{subsubsubsection.1.2.1.1}{\376\377\000B\000l\000o\000c\000k\000c\000h\000a\000i\000n\000\040\000S\000t\000r\000u\000c\000t\000u\000r\000e}{}% 5
\BOOKMARK [0][-]{subsubsubsection.1.2.1.2}{\376\377\000C\000o\000n\000s\000e\000n\000s\000u\000s\000\040\000P\000r\000o\000t\000o\000c\000o\000l\000s}{}% 6
\BOOKMARK [0][-]{subsubsubsection.1.2.1.3}{\376\377\000T\000y\000p\000e\000s\000\040\000o\000f\000\040\000B\000l\000o\000c\000k\000c\000h\000a\000i\000n}{}% 7
\BOOKMARK [0][-]{subsubsubsection.1.2.1.4}{\376\377\000C\000o\000n\000c\000e\000p\000t\000u\000a\000l\000\040\000M\000o\000d\000e\000l\000\040\000f\000o\000r\000\040\000B\000l\000o\000c\000k\000c\000h\000a\000i\000n\000\040\000E\000c\000o\000s\000y\000s\000t\000e\000m}{}% 8
\BOOKMARK [0][-]{subsubsubsection.1.2.1.5}{\376\377\000T\000h\000e\000\040\000B\000l\000o\000c\000k\000c\000h\000a\000i\000n\000\040\000T\000r\000i\000l\000e\000m\000m\000a\000\040\000a\000n\000d\000\040\000Q\000u\000a\000d\000r\000i\000l\000e\000m\000m\000a}{}% 9
\BOOKMARK [1][-]{subsubsection.1.2.2}{\376\377\000D\000e\000f\000i\000n\000i\000n\000g\000\040\000B\000l\000o\000c\000k\000c\000h\000a\000i\000n\000\040\000S\000c\000a\000l\000a\000b\000i\000l\000i\000t\000y}{subsubsubsection.1.2.1.5}% 10
\BOOKMARK [0][-]{subsubsubsection.1.2.2.1}{\376\377\000K\000e\000y\000\040\000M\000e\000t\000r\000i\000c\000s\000\040\000f\000o\000r\000\040\000E\000v\000a\000l\000u\000a\000t\000i\000o\000n}{}% 11
\BOOKMARK [0][-]{subsubsubsection.1.2.2.2}{\376\377\000K\000e\000y\000\040\000P\000e\000r\000f\000o\000r\000m\000a\000n\000c\000e\000\040\000I\000n\000d\000i\000c\000a\000t\000o\000r\000s\000\040\000\050\000K\000P\000I\000s\000\051}{}% 12
\BOOKMARK [1][-]{subsection.1.3}{\376\377\000P\000r\000o\000b\000l\000e\000m\000\040\000S\000t\000a\000t\000e\000m\000e\000n\000t}{subsubsubsection.1.2.2.2}% 13
\BOOKMARK [2][-]{subsection.1.4}{\376\377\000R\000e\000s\000e\000a\000r\000c\000h\000\040\000Q\000u\000e\000s\000t\000i\000o\000n\000s}{subsection.1.3}% 14
\BOOKMARK [2][-]{subsection.1.5}{\376\377\000R\000e\000s\000e\000a\000r\000c\000h\000\040\000O\000b\000j\000e\000c\000t\000i\000v\000e\000s}{subsection.1.3}% 15
\BOOKMARK [2][-]{subsection.1.6}{\376\377\000R\000e\000s\000e\000a\000r\000c\000h\000\040\000O\000u\000t\000c\000o\000m\000e\000s}{subsection.1.3}% 16
\BOOKMARK [1][-]{section.2}{\376\377\000L\000i\000t\000e\000r\000a\000t\000u\000r\000e\000\040\000R\000e\000v\000i\000e\000w}{subsubsubsection.1.2.2.2}% 17
\BOOKMARK [2][-]{subsection.2.1}{\376\377\000W\000r\000i\000t\000e\000-\000P\000e\000r\000f\000o\000r\000m\000a\000n\000c\000e\000\040\000S\000c\000a\000l\000a\000b\000i\000l\000i\000t\000y\000\040\000S\000o\000l\000u\000t\000i\000o\000n\000s}{section.2}% 18
\BOOKMARK [3][-]{subsubsection.2.1.1}{\376\377\000D\000a\000t\000a\000\040\000L\000a\000y\000e\000r\000\040\000S\000o\000l\000u\000t\000i\000o\000n\000s\000\040\000\050\000O\000n\000-\000C\000h\000a\000i\000n\000\051}{subsection.2.1}% 19
\BOOKMARK [4][-]{section*.5}{\376\377\000R\000e\000d\000u\000c\000i\000n\000g\000\040\000B\000l\000o\000c\000k\000\040\000D\000a\000t\000a}{subsubsection.2.1.1}% 20
\BOOKMARK [4][-]{section*.5}{\376\377\000D\000i\000r\000e\000c\000t\000l\000y\000\040\000I\000n\000c\000r\000e\000a\000s\000i\000n\000g\000\040\000B\000l\000o\000c\000k\000\040\000S\000i\000z\000e}{subsubsection.2.1.1}% 21
\BOOKMARK [4][-]{section*.5}{\376\377\000S\000h\000a\000r\000d\000i\000n\000g}{subsubsection.2.1.1}% 22
\BOOKMARK [4][-]{section*.5}{\376\377\000D\000i\000r\000e\000c\000t\000e\000d\000\040\000A\000c\000y\000c\000l\000i\000c\000\040\000G\000r\000a\000p\000h\000\040\000\050\000D\000A\000G\000\051\000\040\000S\000o\000l\000u\000t\000i\000o\000n\000s}{subsubsection.2.1.1}% 23
\BOOKMARK [4][-]{section*.5}{\376\377\000P\000a\000r\000a\000l\000l\000e\000l\000\040\000E\000x\000e\000c\000u\000t\000i\000o\000n\000s\000\040\000\050\000S\000m\000a\000r\000t\000\040\000C\000o\000n\000t\000r\000a\000c\000t\000s\000\051}{subsubsection.2.1.1}% 24
\BOOKMARK [3][-]{subsubsection.2.1.2}{\376\377\000D\000a\000t\000a\000\040\000L\000a\000y\000e\000r\000\040\000S\000o\000l\000u\000t\000i\000o\000n\000s\000\040\000\050\000O\000f\000f\000-\000C\000h\000a\000i\000n\000\051}{subsection.2.1}% 25
\BOOKMARK [4][-]{section*.6}{\376\377\000P\000a\000y\000m\000e\000n\000t\000\040\000a\000n\000d\000\040\000S\000t\000a\000t\000e\000\040\000C\000h\000a\000n\000n\000e\000l\000s}{subsubsection.2.1.2}% 26
\BOOKMARK [4][-]{section*.6}{\376\377\000S\000i\000d\000e\000c\000h\000a\000i\000n\000s}{subsubsection.2.1.2}% 27
\BOOKMARK [4][-]{section*.6}{\376\377\000C\000r\000o\000s\000s\000-\000C\000h\000a\000i\000n\000s}{subsubsection.2.1.2}% 28
\BOOKMARK [4][-]{section*.6}{\376\377\000O\000f\000f\000-\000C\000h\000a\000i\000n\000\040\000C\000o\000m\000p\000u\000t\000a\000t\000i\000o\000n\000s}{subsubsection.2.1.2}% 29
\BOOKMARK [3][-]{subsubsection.2.1.3}{\376\377\000C\000o\000n\000s\000e\000n\000s\000u\000s\000\040\000L\000a\000y\000e\000r\000\040\000S\000c\000a\000l\000a\000b\000i\000l\000i\000t\000y\000\040\000S\000o\000l\000u\000t\000i\000o\000n\000s}{subsection.2.1}% 30
\BOOKMARK [4][-]{section*.7}{\376\377\000P\000o\000W\000\040\000I\000m\000p\000r\000o\000v\000e\000m\000e\000n\000t\000s}{subsubsection.2.1.3}% 31
\BOOKMARK [4][-]{section*.7}{\376\377\000P\000o\000S\000\040\000I\000m\000p\000r\000o\000v\000e\000m\000e\000n\000t\000s}{subsubsection.2.1.3}% 32
\BOOKMARK [4][-]{section*.7}{\376\377\000B\000F\000T\000\040\000I\000m\000p\000r\000o\000v\000e\000m\000e\000n\000t\000s}{subsubsection.2.1.3}% 33
\BOOKMARK [4][-]{section*.7}{\376\377\000H\000y\000b\000r\000i\000d\000\040\000P\000r\000o\000t\000o\000c\000o\000l\000s}{subsubsection.2.1.3}% 34
\BOOKMARK [3][-]{subsubsection.2.1.4}{\376\377\000N\000e\000t\000w\000o\000r\000k\000\040\000L\000a\000y\000e\000r\000\040\000S\000c\000a\000l\000a\000b\000i\000l\000i\000t\000y\000\040\000S\000o\000l\000u\000t\000i\000o\000n\000s}{subsection.2.1}% 35
\BOOKMARK [4][-]{section*.8}{\376\377\000R\000e\000l\000a\000y\000\040\000N\000e\000t\000w\000o\000r\000k\000s}{subsubsection.2.1.4}% 36
\BOOKMARK [4][-]{section*.8}{\376\377\000R\000I\000N\000A}{subsubsection.2.1.4}% 37
\BOOKMARK [4][-]{section*.8}{\376\377\000R\000D\000M\000A\000\040\000N\000e\000t\000w\000o\000r\000k\000i\000n\000g}{subsubsection.2.1.4}% 38
\BOOKMARK [4][-]{section*.8}{\376\377\000D\000a\000t\000a\000\040\000C\000o\000m\000p\000r\000e\000s\000s\000i\000o\000n}{subsubsection.2.1.4}% 39
\BOOKMARK [3][-]{subsubsection.2.1.5}{\376\377\000P\000l\000a\000t\000f\000o\000r\000m\000\040\000L\000a\000y\000e\000r\000\040\000S\000c\000a\000l\000a\000b\000i\000l\000i\000t\000y\000\040\000S\000o\000l\000u\000t\000i\000o\000n\000s}{subsection.2.1}% 40
\BOOKMARK [4][-]{section*.9}{\376\377\000H\000y\000p\000e\000r\000l\000e\000d\000g\000e\000r\000\040\000F\000a\000b\000r\000i\000c}{subsubsection.2.1.5}% 41
\BOOKMARK [4][-]{section*.9}{\376\377\000E\000t\000h\000e\000r\000e\000u\000m\000\040\0002\000.\0000}{subsubsection.2.1.5}% 42
\BOOKMARK [2][-]{subsection.2.2}{\376\377\000S\000t\000o\000r\000a\000g\000e\000\040\000S\000c\000a\000l\000a\000b\000i\000l\000i\000t\000y\000\040\000S\000o\000l\000u\000t\000i\000o\000n\000s}{section.2}% 43
\BOOKMARK [3][-]{section*.10}{\376\377\000D\000a\000t\000a\000\040\000P\000r\000u\000n\000i\000n\000g\000\040\000a\000n\000d\000\040\000C\000o\000m\000p\000r\000e\000s\000s\000i\000o\000n}{subsection.2.2}% 44
\BOOKMARK [4][-]{section*.10}{\376\377\000O\000f\000f\000-\000C\000h\000a\000i\000n\000\040\000S\000t\000o\000r\000a\000g\000e}{subsection.2.2}% 45
\BOOKMARK [4][-]{section*.10}{\376\377\000E\000n\000h\000a\000n\000c\000e\000d\000\040\000D\000a\000t\000a\000b\000a\000s\000e\000s}{subsection.2.2}% 46
\BOOKMARK [2][-]{subsection.2.3}{\376\377\000R\000e\000a\000d\000-\000P\000e\000r\000f\000o\000r\000m\000a\000n\000c\000e\000\040\000S\000c\000a\000l\000a\000b\000i\000l\000i\000t\000y\000\040\000S\000o\000l\000u\000t\000i\000o\000n\000s}{section.2}% 47
\BOOKMARK [3][-]{section*.11}{\376\377\000H\000a\000r\000d\000w\000a\000r\000e\000\040\000C\000a\000c\000h\000i\000n\000g}{subsection.2.3}% 48
\BOOKMARK [4][-]{section*.11}{\376\377\000I\000m\000p\000r\000o\000v\000e\000d\000\040\000Q\000u\000e\000r\000y}{subsection.2.3}% 49
\BOOKMARK [2][-]{subsection.2.4}{\376\377\000S\000u\000m\000m\000a\000r\000y\000\040\000o\000f\000\040\000S\000c\000a\000l\000a\000b\000i\000l\000i\000t\000y\000\040\000S\000o\000l\000u\000t\000i\000o\000n\000s\000\040\000\046\000\040\000T\000r\000a\000d\000e\000-\000o\000f\000f\000s}{section.2}% 50
\BOOKMARK [1][-]{section.3}{\376\377\000M\000e\000t\000h\000o\000d\000o\000l\000o\000g\000y}{subsubsubsection.1.2.2.2}% 51
\BOOKMARK [2][-]{subsection.3.1}{\376\377\000R\000e\000s\000e\000a\000r\000c\000h\000\040\000D\000e\000s\000i\000g\000n}{section.3}% 52
\BOOKMARK [2][-]{subsection.3.2}{\376\377\000D\000a\000t\000a\000\040\000C\000o\000l\000l\000e\000c\000t\000i\000o\000n\000\040\000S\000t\000r\000a\000t\000e\000g\000y}{section.3}% 53
\BOOKMARK [3][-]{subsubsection.3.2.1}{\376\377\000D\000a\000t\000a\000b\000a\000s\000e\000\040\000S\000e\000l\000e\000c\000t\000i\000o\000n}{subsection.3.2}% 54
\BOOKMARK [3][-]{subsubsection.3.2.2}{\376\377\000T\000i\000m\000e\000f\000r\000a\000m\000e\000\040\000a\000n\000d\000\040\000P\000u\000b\000l\000i\000c\000a\000t\000i\000o\000n\000\040\000T\000y\000p\000e\000s}{subsection.3.2}% 55
\BOOKMARK [3][-]{subsubsection.3.2.3}{\376\377\000P\000h\000a\000s\000e\000\040\0002\000:\000\040\000S\000e\000c\000o\000n\000d\000a\000r\000y\000\040\000P\000h\000a\000s\000e\000\040\000\050\000M\000a\000n\000u\000a\000l\000/\000S\000u\000p\000p\000l\000e\000m\000e\000n\000t\000a\000r\000y\000\040\000S\000e\000a\000r\000c\000h\000\051}{subsection.3.2}% 56
\BOOKMARK [2][-]{subsection.3.3}{\376\377\000D\000a\000t\000a\000\040\000A\000n\000a\000l\000y\000s\000i\000s\000\040\000a\000n\000d\000\040\000S\000y\000n\000t\000h\000e\000s\000i\000s}{section.3}% 57
\BOOKMARK [3][-]{subsubsection.3.3.1}{\376\377\000C\000l\000a\000s\000s\000i\000f\000i\000c\000a\000t\000i\000o\000n\000\040\000F\000r\000a\000m\000e\000w\000o\000r\000k}{subsection.3.3}% 58
\BOOKMARK [3][-]{subsubsection.3.3.2}{\376\377\000P\000e\000r\000f\000o\000r\000m\000a\000n\000c\000e\000\040\000M\000e\000t\000r\000i\000c\000\040\000C\000o\000n\000s\000t\000r\000u\000c\000t\000i\000o\000n\000\040\000a\000n\000d\000\040\000C\000o\000m\000p\000a\000r\000a\000t\000i\000v\000e\000\040\000A\000n\000a\000l\000y\000s\000i\000s}{subsection.3.3}% 59
\BOOKMARK [3][-]{subsubsection.3.3.3}{\376\377\000Q\000u\000a\000l\000i\000t\000a\000t\000i\000v\000e\000\040\000A\000n\000a\000l\000y\000s\000i\000s\000\040\000a\000n\000d\000\040\000I\000d\000e\000n\000t\000i\000f\000i\000c\000a\000t\000i\000o\000n\000\040\000o\000f\000\040\000R\000e\000s\000e\000a\000r\000c\000h\000\040\000G\000a\000p\000s}{subsection.3.3}% 60
\BOOKMARK [1][-]{section.4}{\376\377\000E\000v\000a\000l\000u\000a\000t\000i\000o\000n}{subsubsubsection.1.2.2.2}% 61
\BOOKMARK [2][-]{subsection.4.1}{\376\377\000F\000r\000a\000m\000e\000w\000o\000r\000k\000\040\000f\000o\000r\000\040\000E\000v\000a\000l\000u\000a\000t\000i\000o\000n}{section.4}% 62
\BOOKMARK [2][-]{subsection.4.2}{\376\377\000K\000e\000y\000\040\000P\000e\000r\000f\000o\000r\000m\000a\000n\000c\000e\000\040\000I\000n\000d\000i\000c\000a\000t\000o\000r\000s\000\040\000\050\000K\000P\000I\000s\000\051\000\040\000a\000n\000d\000\040\000E\000m\000p\000i\000r\000i\000c\000a\000l\000\040\000D\000a\000t\000a}{section.4}% 63
